Archive member included to satisfy reference by file (symbol)

c:/program files (x86)/atollic/truestudio for stm32 9.0.1/armtools/bin/../lib/gcc/arm-atollic-eabi/6.3.1/../../../../arm-atollic-eabi/lib/armv7e-m/fpu\libc_nano.a(lib_a-init.o)
                              startup\startup_stm32f303x8.o (__libc_init_array)
c:/program files (x86)/atollic/truestudio for stm32 9.0.1/armtools/bin/../lib/gcc/arm-atollic-eabi/6.3.1/../../../../arm-atollic-eabi/lib/armv7e-m/fpu\libc_nano.a(lib_a-memcpy-stub.o)
                              Middlewares\Third_Party\FreeRTOS\Source\queue.o (memcpy)
c:/program files (x86)/atollic/truestudio for stm32 9.0.1/armtools/bin/../lib/gcc/arm-atollic-eabi/6.3.1/armv7e-m/fpu\libgcc.a(_lshrdi3.o)
                              Drivers\STM32F3xx_HAL_Driver\Src\stm32f3xx_hal_flash.o (__aeabi_llsr)

Allocating common symbols
Common symbol       size              file

SensorTaskHandle    0x4               Src\freertos.o
chB                 0x1               Src\quad.o
defaultTaskHandle   0x4               Src\freertos.o
meas_pos            0x4               Src\pid.o
ServoTaskHandle     0x4               Src\freertos.o
pVal                0x4               Src\pid.o
integral_p          0x4               Src\pid.o
hi2c1               0x4c              Src\i2c.o
htim15              0x40              Src\tim.o
log_velo            0x190             Src\velocity.o
position            0x4               Src\quad.o
meas_velo           0x4               Src\pid.o
uwTick              0x4               Drivers\STM32F3xx_HAL_Driver\Src\stm32f3xx_hal.o
xQueueRegistry      0x40              Middlewares\Third_Party\FreeRTOS\Source\queue.o
pFlash              0x20              Drivers\STM32F3xx_HAL_Driver\Src\stm32f3xx_hal_flash.o
htim3               0x40              Src\tim.o
oldPos              0x4               Src\velocity.o
huart1              0x70              Src\usart.o
UartRadioTaskHandle
                    0x4               Src\freertos.o
c                   0x1               Src\RadioModule.o
velocity            0x4               Src\velocity.o
quad_t              0x1               Src\quad.o
error               0x4               Src\pid.o
iVal                0x4               Src\pid.o
htim2               0x40              Src\tim.o
huart2              0x70              Src\usart.o
chA                 0x1               Src\quad.o
htim7               0x40              Src\stm32f3xx_hal_timebase_TIM.o
pidVal              0x4               Src\pid.o
integral_v          0x4               Src\pid.o

Discarded input sections

 .text          0x00000000        0x0 c:/program files (x86)/atollic/truestudio for stm32 9.0.1/armtools/bin/../lib/gcc/arm-atollic-eabi/6.3.1/armv7e-m/fpu/crti.o
 .data          0x00000000        0x0 c:/program files (x86)/atollic/truestudio for stm32 9.0.1/armtools/bin/../lib/gcc/arm-atollic-eabi/6.3.1/armv7e-m/fpu/crti.o
 .bss           0x00000000        0x0 c:/program files (x86)/atollic/truestudio for stm32 9.0.1/armtools/bin/../lib/gcc/arm-atollic-eabi/6.3.1/armv7e-m/fpu/crti.o
 .data          0x00000000        0x4 c:/program files (x86)/atollic/truestudio for stm32 9.0.1/armtools/bin/../lib/gcc/arm-atollic-eabi/6.3.1/armv7e-m/fpu/crtbegin.o
 .text          0x00000000        0x0 Drivers\STM32F3xx_HAL_Driver\Src\stm32f3xx_hal.o
 .data          0x00000000        0x0 Drivers\STM32F3xx_HAL_Driver\Src\stm32f3xx_hal.o
 .bss           0x00000000        0x0 Drivers\STM32F3xx_HAL_Driver\Src\stm32f3xx_hal.o
 .text.HAL_MspInit
                0x00000000        0x2 Drivers\STM32F3xx_HAL_Driver\Src\stm32f3xx_hal.o
 .text.HAL_MspDeInit
                0x00000000        0x2 Drivers\STM32F3xx_HAL_Driver\Src\stm32f3xx_hal.o
 .text.HAL_DeInit
                0x00000000       0x24 Drivers\STM32F3xx_HAL_Driver\Src\stm32f3xx_hal.o
 .text.HAL_InitTick
                0x00000000       0x48 Drivers\STM32F3xx_HAL_Driver\Src\stm32f3xx_hal.o
 .text.HAL_GetTickPrio
                0x00000000        0xc Drivers\STM32F3xx_HAL_Driver\Src\stm32f3xx_hal.o
 .text.HAL_SetTickFreq
                0x00000000       0x24 Drivers\STM32F3xx_HAL_Driver\Src\stm32f3xx_hal.o
 .text.HAL_GetTickFreq
                0x00000000        0xc Drivers\STM32F3xx_HAL_Driver\Src\stm32f3xx_hal.o
 .text.HAL_Delay
                0x00000000       0x28 Drivers\STM32F3xx_HAL_Driver\Src\stm32f3xx_hal.o
 .text.HAL_SuspendTick
                0x00000000       0x10 Drivers\STM32F3xx_HAL_Driver\Src\stm32f3xx_hal.o
 .text.HAL_ResumeTick
                0x00000000       0x10 Drivers\STM32F3xx_HAL_Driver\Src\stm32f3xx_hal.o
 .text.HAL_GetHalVersion
                0x00000000        0x8 Drivers\STM32F3xx_HAL_Driver\Src\stm32f3xx_hal.o
 .text.HAL_GetREVID
                0x00000000        0xc Drivers\STM32F3xx_HAL_Driver\Src\stm32f3xx_hal.o
 .text.HAL_GetDEVID
                0x00000000       0x10 Drivers\STM32F3xx_HAL_Driver\Src\stm32f3xx_hal.o
 .text.HAL_GetUIDw0
[...]
Memory Configuration

Name             Origin             Length             Attributes
RAM              0x20000000         0x00003000         xrw
CCMRAM           0x10000000         0x00001000         rw
FLASH            0x08000000         0x00010000         xr
*default*        0x00000000         0xffffffff

Linker script and memory map

LOAD c:/program files (x86)/atollic/truestudio for stm32 9.0.1/armtools/bin/../lib/gcc/arm-atollic-eabi/6.3.1/armv7e-m/fpu/crti.o
LOAD c:/program files (x86)/atollic/truestudio for stm32 9.0.1/armtools/bin/../lib/gcc/arm-atollic-eabi/6.3.1/armv7e-m/fpu/crtbegin.o
LOAD Drivers\STM32F3xx_HAL_Driver\Src\stm32f3xx_hal.o
LOAD Drivers\STM32F3xx_HAL_Driver\Src\stm32f3xx_hal_cortex.o
LOAD Drivers\STM32F3xx_HAL_Driver\Src\stm32f3xx_hal_dma.o
LOAD Drivers\STM32F3xx_HAL_Driver\Src\stm32f3xx_hal_flash.o
LOAD Drivers\STM32F3xx_HAL_Driver\Src\stm32f3xx_hal_flash_ex.o
LOAD Drivers\STM32F3xx_HAL_Driver\Src\stm32f3xx_hal_gpio.o
LOAD Drivers\STM32F3xx_HAL_Driver\Src\stm32f3xx_hal_i2c.o
LOAD Drivers\STM32F3xx_HAL_Driver\Src\stm32f3xx_hal_i2c_ex.o
LOAD Drivers\STM32F3xx_HAL_Driver\Src\stm32f3xx_hal_pwr.o
LOAD Drivers\STM32F3xx_HAL_Driver\Src\stm32f3xx_hal_pwr_ex.o
LOAD Drivers\STM32F3xx_HAL_Driver\Src\stm32f3xx_hal_rcc.o
LOAD Drivers\STM32F3xx_HAL_Driver\Src\stm32f3xx_hal_rcc_ex.o
LOAD Drivers\STM32F3xx_HAL_Driver\Src\stm32f3xx_hal_tim.o
LOAD Drivers\STM32F3xx_HAL_Driver\Src\stm32f3xx_hal_tim_ex.o
LOAD Drivers\STM32F3xx_HAL_Driver\Src\stm32f3xx_hal_uart.o
LOAD Drivers\STM32F3xx_HAL_Driver\Src\stm32f3xx_hal_uart_ex.o
LOAD Middlewares\Third_Party\FreeRTOS\Source\CMSIS_RTOS\cmsis_os.o
LOAD Middlewares\Third_Party\FreeRTOS\Source\croutine.o
LOAD Middlewares\Third_Party\FreeRTOS\Source\event_groups.o
LOAD Middlewares\Third_Party\FreeRTOS\Source\list.o
LOAD Middlewares\Third_Party\FreeRTOS\Source\portable\GCC\ARM_CM4F\port.o
LOAD Middlewares\Third_Party\FreeRTOS\Source\portable\MemMang\heap_4.o
LOAD Middlewares\Third_Party\FreeRTOS\Source\queue.o
LOAD Middlewares\Third_Party\FreeRTOS\Source\tasks.o
LOAD Middlewares\Third_Party\FreeRTOS\Source\timers.o
LOAD Src\AccelSens_MMA8451.o
LOAD Src\DistSens_VL6180X.o
LOAD Src\RadioModule.o
LOAD Src\freertos.o
LOAD Src\fsm.o
LOAD Src\gpio.o
LOAD Src\i2c.o
LOAD Src\main.o
LOAD Src\motor.o
LOAD Src\pid.o
LOAD Src\quad.o
LOAD Src\stm32f3xx_hal_msp.o
LOAD Src\stm32f3xx_hal_timebase_TIM.o
LOAD Src\stm32f3xx_it.o
LOAD Src\system_stm32f3xx.o
LOAD Src\tim.o
LOAD Src\usart.o
LOAD Src\velocity.o
LOAD startup\startup_stm32f303x8.o
                0x00000080                malloc_getpagesize_P = 0x80
START GROUP
LOAD c:/program files (x86)/atollic/truestudio for stm32 9.0.1/armtools/bin/../lib/gcc/arm-atollic-eabi/6.3.1/../../../../arm-atollic-eabi/lib/armv7e-m/fpu\libc_nano.a
LOAD c:/program files (x86)/atollic/truestudio for stm32 9.0.1/armtools/bin/../lib/gcc/arm-atollic-eabi/6.3.1/../../../../arm-atollic-eabi/lib/armv7e-m/fpu\libm.a
END GROUP
START GROUP
LOAD c:/program files (x86)/atollic/truestudio for stm32 9.0.1/armtools/bin/../lib/gcc/arm-atollic-eabi/6.3.1/armv7e-m/fpu\libgcc.a
LOAD c:/program files (x86)/atollic/truestudio for stm32 9.0.1/armtools/bin/../lib/gcc/arm-atollic-eabi/6.3.1/../../../../arm-atollic-eabi/lib/armv7e-m/fpu\libc_nano.a
END GROUP
START GROUP
LOAD c:/program files (x86)/atollic/truestudio for stm32 9.0.1/armtools/bin/../lib/gcc/arm-atollic-eabi/6.3.1/armv7e-m/fpu\libgcc.a
LOAD c:/program files (x86)/atollic/truestudio for stm32 9.0.1/armtools/bin/../lib/gcc/arm-atollic-eabi/6.3.1/../../../../arm-atollic-eabi/lib/armv7e-m/fpu\libc_nano.a
LOAD c:/program files (x86)/atollic/truestudio for stm32 9.0.1/armtools/bin/../lib/gcc/arm-atollic-eabi/6.3.1/../../../../arm-atollic-eabi/lib/armv7e-m/fpu\libnosys.a
END GROUP
START GROUP
LOAD c:/program files (x86)/atollic/truestudio for stm32 9.0.1/armtools/bin/../lib/gcc/arm-atollic-eabi/6.3.1/armv7e-m/fpu\libgcc.a
LOAD c:/program files (x86)/atollic/truestudio for stm32 9.0.1/armtools/bin/../lib/gcc/arm-atollic-eabi/6.3.1/../../../../arm-atollic-eabi/lib/armv7e-m/fpu\libc_nano.a
LOAD c:/program files (x86)/atollic/truestudio for stm32 9.0.1/armtools/bin/../lib/gcc/arm-atollic-eabi/6.3.1/../../../../arm-atollic-eabi/lib/armv7e-m/fpu\libnosys.a
END GROUP
LOAD c:/program files (x86)/atollic/truestudio for stm32 9.0.1/armtools/bin/../lib/gcc/arm-atollic-eabi/6.3.1/armv7e-m/fpu/crtend.o
LOAD c:/program files (x86)/atollic/truestudio for stm32 9.0.1/armtools/bin/../lib/gcc/arm-atollic-eabi/6.3.1/armv7e-m/fpu/crtn.o
                0x20003000                _estack = 0x20003000
                0x00000200                _Min_Heap_Size = 0x200
                0x00000400                _Min_Stack_Size = 0x400

.isr_vector     0x08000000      0x188
                0x08000000                . = ALIGN (0x4)
 *(.isr_vector)
 .isr_vector    0x08000000      0x188 startup\startup_stm32f303x8.o
                0x08000000                g_pfnVectors
                0x08000188                . = ALIGN (0x4)

.text           0x08000190     0x4170
                0x08000190                . = ALIGN (0x4)
 *(.text)
 .text          0x08000190       0x40 c:/program files (x86)/atollic/truestudio for stm32 9.0.1/armtools/bin/../lib/gcc/arm-atollic-eabi/6.3.1/armv7e-m/fpu/crtbegin.o
 *(.text*)
 .text.HAL_Init
                0x080001d0       0x24 Drivers\STM32F3xx_HAL_Driver\Src\stm32f3xx_hal.o
                0x080001d0                HAL_Init
 .text.HAL_IncTick
                0x080001f4       0x18 Drivers\STM32F3xx_HAL_Driver\Src\stm32f3xx_hal.o
                0x080001f4                HAL_IncTick
 .text.HAL_GetTick
                0x0800020c        0xc Drivers\STM32F3xx_HAL_Driver\Src\stm32f3xx_hal.o
                0x0800020c                HAL_GetTick
 .text.HAL_NVIC_SetPriorityGrouping
                0x08000218       0x24 Drivers\STM32F3xx_HAL_Driver\Src\stm32f3xx_hal_cortex.o
                0x08000218                HAL_NVIC_SetPriorityGrouping
 .text.HAL_NVIC_SetPriority
                0x0800023c       0x68 Drivers\STM32F3xx_HAL_Driver\Src\stm32f3xx_hal_cortex.o
                0x0800023c                HAL_NVIC_SetPriority
 .text.HAL_NVIC_EnableIRQ
                0x080002a4       0x18 Drivers\STM32F3xx_HAL_Driver\Src\stm32f3xx_hal_cortex.o
                0x080002a4                HAL_NVIC_EnableIRQ
 .text.HAL_SYSTICK_Config
                0x080002bc       0x2c Drivers\STM32F3xx_HAL_Driver\Src\stm32f3xx_hal_cortex.o
                0x080002bc                HAL_SYSTICK_Config
 .text.HAL_SYSTICK_CLKSourceConfig
                0x080002e8       0x18 Drivers\STM32F3xx_HAL_Driver\Src\stm32f3xx_hal_cortex.o
                0x080002e8                HAL_SYSTICK_CLKSourceConfig
 .text.HAL_DMA_Abort_IT
                0x08000300       0x48 Drivers\STM32F3xx_HAL_Driver\Src\stm32f3xx_hal_dma.o
                0x08000300                HAL_DMA_Abort_IT
 .text.HAL_GPIO_Init
                0x08000348      0x174 Drivers\STM32F3xx_HAL_Driver\Src\stm32f3xx_hal_gpio.o
                0x08000348                HAL_GPIO_Init
 .text.HAL_GPIO_ReadPin
                0x080004bc        0xc Drivers\STM32F3xx_HAL_Driver\Src\stm32f3xx_hal_gpio.o
                0x080004bc                HAL_GPIO_ReadPin
 .text.HAL_GPIO_WritePin
                0x080004c8        0xa Drivers\STM32F3xx_HAL_Driver\Src\stm32f3xx_hal_gpio.o
                0x080004c8                HAL_GPIO_WritePin
 .text.I2C_Flush_TXDR
                0x080004d2       0x1c Drivers\STM32F3xx_HAL_Driver\Src\stm32f3xx_hal_i2c.o
 .text.I2C_TransferConfig
                0x080004ee       0x34 Drivers\STM32F3xx_HAL_Driver\Src\stm32f3xx_hal_i2c.o
 .text.I2C_WaitOnFlagUntilTimeout
                0x08000522       0x4e Drivers\STM32F3xx_HAL_Driver\Src\stm32f3xx_hal_i2c.o
 .text.I2C_IsAcknowledgeFailed
                0x08000570       0x7a Drivers\STM32F3xx_HAL_Driver\Src\stm32f3xx_hal_i2c.o
 .text.I2C_WaitOnTXISFlagUntilTimeout
                0x080005ea       0x52 Drivers\STM32F3xx_HAL_Driver\Src\stm32f3xx_hal_i2c.o
 .text.I2C_RequestMemoryWrite
                0x0800063c       0x6c Drivers\STM32F3xx_HAL_Driver\Src\stm32f3xx_hal_i2c.o
 .text.I2C_RequestMemoryRead
                0x080006a8       0x68 Drivers\STM32F3xx_HAL_Driver\Src\stm32f3xx_hal_i2c.o
 .text.I2C_WaitOnSTOPFlagUntilTimeout
                0x08000710       0x4e Drivers\STM32F3xx_HAL_Driver\Src\stm32f3xx_hal_i2c.o
 .text.HAL_I2C_Init
                0x0800075e       0xa2 Drivers\STM32F3xx_HAL_Driver\Src\stm32f3xx_hal_i2c.o
                0x0800075e                HAL_I2C_Init
 .text.HAL_I2C_Mem_Write
                0x08000800      0x170 Drivers\STM32F3xx_HAL_Driver\Src\stm32f3xx_hal_i2c.o
                0x08000800                HAL_I2C_Mem_Write
 .text.HAL_I2C_Mem_Read
                0x08000970      0x17c Drivers\STM32F3xx_HAL_Driver\Src\stm32f3xx_hal_i2c.o
                0x08000970                HAL_I2C_Mem_Read
 .text.HAL_I2CEx_ConfigAnalogFilter
                0x08000aec       0x4c Drivers\STM32F3xx_HAL_Driver\Src\stm32f3xx_hal_i2c_ex.o
                0x08000aec                HAL_I2CEx_ConfigAnalogFilter
 .text.HAL_I2CEx_ConfigDigitalFilter
                0x08000b38       0x4a Drivers\STM32F3xx_HAL_Driver\Src\stm32f3xx_hal_i2c_ex.o
                0x08000b38                HAL_I2CEx_ConfigDigitalFilter
 *fill*         0x08000b82        0x2 
 .text.HAL_RCC_OscConfig
                0x08000b84      0x4ec Drivers\STM32F3xx_HAL_Driver\Src\stm32f3xx_hal_rcc.o
                0x08000b84                HAL_RCC_OscConfig
 .text.HAL_RCC_GetSysClockFreq
                0x08001070       0x64 Drivers\STM32F3xx_HAL_Driver\Src\stm32f3xx_hal_rcc.o
                0x08001070                HAL_RCC_GetSysClockFreq
 .text.HAL_RCC_ClockConfig
                0x080010d4      0x154 Drivers\STM32F3xx_HAL_Driver\Src\stm32f3xx_hal_rcc.o
                0x080010d4                HAL_RCC_ClockConfig
 .text.HAL_RCC_GetHCLKFreq
                0x08001228        0xc Drivers\STM32F3xx_HAL_Driver\Src\stm32f3xx_hal_rcc.o
                0x08001228                HAL_RCC_GetHCLKFreq
 .text.HAL_RCC_GetPCLK1Freq
                0x08001234       0x30 Drivers\STM32F3xx_HAL_Driver\Src\stm32f3xx_hal_rcc.o
                0x08001234                HAL_RCC_GetPCLK1Freq
 .text.HAL_RCC_GetPCLK2Freq
                0x08001264       0x30 Drivers\STM32F3xx_HAL_Driver\Src\stm32f3xx_hal_rcc.o
                0x08001264                HAL_RCC_GetPCLK2Freq
 .text.HAL_RCC_GetClockConfig
                0x08001294       0x3c Drivers\STM32F3xx_HAL_Driver\Src\stm32f3xx_hal_rcc.o
                0x08001294                HAL_RCC_GetClockConfig
 .text.HAL_RCCEx_PeriphCLKConfig
                0x080012d0      0x15c Drivers\STM32F3xx_HAL_Driver\Src\stm32f3xx_hal_rcc_ex.o
                0x080012d0                HAL_RCCEx_PeriphCLKConfig
 .text.HAL_TIM_Base_Start_IT
                0x0800142c       0x16 Drivers\STM32F3xx_HAL_Driver\Src\stm32f3xx_hal_tim.o
                0x0800142c                HAL_TIM_Base_Start_IT
 .text.HAL_TIM_OC_DelayElapsedCallback
                0x08001442        0x2 Drivers\STM32F3xx_HAL_Driver\Src\stm32f3xx_hal_tim.o
                0x08001442                HAL_TIM_OC_DelayElapsedCallback
 .text.HAL_TIM_IC_CaptureCallback
                0x08001444        0x2 Drivers\STM32F3xx_HAL_Driver\Src\stm32f3xx_hal_tim.o
                0x08001444                HAL_TIM_IC_CaptureCallback
 .text.HAL_TIM_PWM_PulseFinishedCallback
                0x08001446        0x2 Drivers\STM32F3xx_HAL_Driver\Src\stm32f3xx_hal_tim.o
                0x08001446                HAL_TIM_PWM_PulseFinishedCallback
 .text.HAL_TIM_TriggerCallback
                0x08001448        0x2 Drivers\STM32F3xx_HAL_Driver\Src\stm32f3xx_hal_tim.o
                0x08001448                HAL_TIM_TriggerCallback
 .text.HAL_TIM_IRQHandler
                0x0800144a      0x160 Drivers\STM32F3xx_HAL_Driver\Src\stm32f3xx_hal_tim.o
                0x0800144a                HAL_TIM_IRQHandler
 *fill*         0x080015aa        0x2 
 .text.TIM_Base_SetConfig
                0x080015ac       0x94 Drivers\STM32F3xx_HAL_Driver\Src\stm32f3xx_hal_tim.o
                0x080015ac                TIM_Base_SetConfig
 .text.HAL_TIM_Base_Init
                0x08001640       0x34 Drivers\STM32F3xx_HAL_Driver\Src\stm32f3xx_hal_tim.o
                0x08001640                HAL_TIM_Base_Init
 .text.HAL_TIM_PWM_Init
                0x08001674       0x34 Drivers\STM32F3xx_HAL_Driver\Src\stm32f3xx_hal_tim.o
                0x08001674                HAL_TIM_PWM_Init
 .text.TIM_OC1_SetConfig
                0x080016a8       0x88 Drivers\STM32F3xx_HAL_Driver\Src\stm32f3xx_hal_tim.o
                0x080016a8                TIM_OC1_SetConfig
 .text.TIM_OC2_SetConfig
                0x08001730       0x78 Drivers\STM32F3xx_HAL_Driver\Src\stm32f3xx_hal_tim.o
                0x08001730                TIM_OC2_SetConfig
 .text.TIM_OC3_SetConfig
                0x080017a8       0x78 Drivers\STM32F3xx_HAL_Driver\Src\stm32f3xx_hal_tim.o
                0x080017a8                TIM_OC3_SetConfig
 .text.TIM_OC4_SetConfig
                0x08001820       0x60 Drivers\STM32F3xx_HAL_Driver\Src\stm32f3xx_hal_tim.o
                0x08001820                TIM_OC4_SetConfig
 .text.TIM_ETR_SetConfig
                0x08001880       0x14 Drivers\STM32F3xx_HAL_Driver\Src\stm32f3xx_hal_tim.o
                0x08001880                TIM_ETR_SetConfig
 .text.HAL_TIM_ConfigClockSource
                0x08001894      0x16c Drivers\STM32F3xx_HAL_Driver\Src\stm32f3xx_hal_tim.o
                0x08001894                HAL_TIM_ConfigClockSource
 .text.TIM_CCxChannelCmd
                0x08001a00       0x18 Drivers\STM32F3xx_HAL_Driver\Src\stm32f3xx_hal_tim.o
                0x08001a00                TIM_CCxChannelCmd
 .text.HAL_TIM_PWM_Start_IT
                0x08001a18       0x84 Drivers\STM32F3xx_HAL_Driver\Src\stm32f3xx_hal_tim.o
                0x08001a18                HAL_TIM_PWM_Start_IT
 .text.TIM_OC5_SetConfig
                0x08001a9c       0x60 Drivers\STM32F3xx_HAL_Driver\Src\stm32f3xx_hal_tim_ex.o
 .text.TIM_OC6_SetConfig
                0x08001afc       0x60 Drivers\STM32F3xx_HAL_Driver\Src\stm32f3xx_hal_tim_ex.o
 .text.HAL_TIM_PWM_ConfigChannel
                0x08001b5c      0x10e Drivers\STM32F3xx_HAL_Driver\Src\stm32f3xx_hal_tim_ex.o
                0x08001b5c                HAL_TIM_PWM_ConfigChannel
 *fill*         0x08001c6a        0x2 
 .text.HAL_TIMEx_MasterConfigSynchronization
                0x08001c6c       0x44 Drivers\STM32F3xx_HAL_Driver\Src\stm32f3xx_hal_tim_ex.o
                0x08001c6c                HAL_TIMEx_MasterConfigSynchronization
 .text.HAL_TIMEx_CommutationCallback
                0x08001cb0        0x2 Drivers\STM32F3xx_HAL_Driver\Src\stm32f3xx_hal_tim_ex.o
                0x08001cb0                HAL_TIMEx_CommutationCallback
 .text.HAL_TIMEx_BreakCallback
                0x08001cb2        0x2 Drivers\STM32F3xx_HAL_Driver\Src\stm32f3xx_hal_tim_ex.o
                0x08001cb2                HAL_TIMEx_BreakCallback
 .text.HAL_TIMEx_Break2Callback
                0x08001cb4        0x2 Drivers\STM32F3xx_HAL_Driver\Src\stm32f3xx_hal_tim_ex.o
                0x08001cb4                HAL_TIMEx_Break2Callback
 .text.UART_EndRxTransfer
                0x08001cb6       0x1a Drivers\STM32F3xx_HAL_Driver\Src\stm32f3xx_hal_uart.o
 .text.HAL_UART_Receive_IT
                0x08001cd0       0x88 Drivers\STM32F3xx_HAL_Driver\Src\stm32f3xx_hal_uart.o
                0x08001cd0                HAL_UART_Receive_IT
 .text.HAL_UART_TxCpltCallback
                0x08001d58        0x2 Drivers\STM32F3xx_HAL_Driver\Src\stm32f3xx_hal_uart.o
                0x08001d58                HAL_UART_TxCpltCallback
 .text.HAL_UART_ErrorCallback
                0x08001d5a        0x2 Drivers\STM32F3xx_HAL_Driver\Src\stm32f3xx_hal_uart.o
                0x08001d5a                HAL_UART_ErrorCallback
 .text.UART_DMAAbortOnError
                0x08001d5c       0x14 Drivers\STM32F3xx_HAL_Driver\Src\stm32f3xx_hal_uart.o
 .text.UART_SetConfig
                0x08001d70      0x14c Drivers\STM32F3xx_HAL_Driver\Src\stm32f3xx_hal_uart.o
                0x08001d70                UART_SetConfig
 .text.UART_AdvFeatureConfig
                0x08001ebc       0xa8 Drivers\STM32F3xx_HAL_Driver\Src\stm32f3xx_hal_uart.o
                0x08001ebc                UART_AdvFeatureConfig
 .text.UART_WaitOnFlagUntilTimeout
                0x08001f64       0x62 Drivers\STM32F3xx_HAL_Driver\Src\stm32f3xx_hal_uart.o
                0x08001f64                UART_WaitOnFlagUntilTimeout
 .text.HAL_UART_Transmit
                0x08001fc6       0xb2 Drivers\STM32F3xx_HAL_Driver\Src\stm32f3xx_hal_uart.o
                0x08001fc6                HAL_UART_Transmit
 .text.UART_CheckIdleState
                0x08002078       0x64 Drivers\STM32F3xx_HAL_Driver\Src\stm32f3xx_hal_uart.o
                0x08002078                UART_CheckIdleState
 .text.HAL_UART_Init
                0x080020dc       0x64 Drivers\STM32F3xx_HAL_Driver\Src\stm32f3xx_hal_uart.o
                0x080020dc                HAL_UART_Init
 .text.UART_Transmit_IT
                0x08002140       0x5c Drivers\STM32F3xx_HAL_Driver\Src\stm32f3xx_hal_uart.o
                0x08002140                UART_Transmit_IT
 .text.UART_EndTransmit_IT
                0x0800219c       0x1a Drivers\STM32F3xx_HAL_Driver\Src\stm32f3xx_hal_uart.o
                0x0800219c                UART_EndTransmit_IT
 .text.UART_Receive_IT
                0x080021b6       0x6c Drivers\STM32F3xx_HAL_Driver\Src\stm32f3xx_hal_uart.o
                0x080021b6                UART_Receive_IT
 *fill*         0x08002222        0x2 
 .text.HAL_UART_IRQHandler
                0x08002224      0x12c Drivers\STM32F3xx_HAL_Driver\Src\stm32f3xx_hal_uart.o
                0x08002224                HAL_UART_IRQHandler
 .text.HAL_UARTEx_WakeupCallback
                0x08002350        0x2 Drivers\STM32F3xx_HAL_Driver\Src\stm32f3xx_hal_uart_ex.o
                0x08002350                HAL_UARTEx_WakeupCallback
 .text.osKernelStart
                0x08002352        0xa Middlewares\Third_Party\FreeRTOS\Source\CMSIS_RTOS\cmsis_os.o
                0x08002352                osKernelStart
 .text.osThreadCreate
                0x0800235c       0x30 Middlewares\Third_Party\FreeRTOS\Source\CMSIS_RTOS\cmsis_os.o
                0x0800235c                osThreadCreate
 .text.osDelay  0x0800238c       0x10 Middlewares\Third_Party\FreeRTOS\Source\CMSIS_RTOS\cmsis_os.o
                0x0800238c                osDelay
 .text.osSystickHandler
                0x0800239c       0x14 Middlewares\Third_Party\FreeRTOS\Source\CMSIS_RTOS\cmsis_os.o
                0x0800239c                osSystickHandler
 .text.vListInitialise
                0x080023b0       0x16 Middlewares\Third_Party\FreeRTOS\Source\list.o
                0x080023b0                vListInitialise
 .text.vListInitialiseItem
                0x080023c6        0x6 Middlewares\Third_Party\FreeRTOS\Source\list.o
                0x080023c6                vListInitialiseItem
 .text.vListInsertEnd
                0x080023cc       0x18 Middlewares\Third_Party\FreeRTOS\Source\list.o
                0x080023cc                vListInsertEnd
 .text.vListInsert
                0x080023e4       0x2e Middlewares\Third_Party\FreeRTOS\Source\list.o
                0x080023e4                vListInsert
 .text.uxListRemove
                0x08002412       0x20 Middlewares\Third_Party\FreeRTOS\Source\list.o
                0x08002412                uxListRemove
 *fill*         0x08002432        0x2 
 .text.prvTaskExitError
                0x08002434       0x30 Middlewares\Third_Party\FreeRTOS\Source\portable\GCC\ARM_CM4F\port.o
 .text.prvPortStartFirstTask
                0x08002464       0x20 Middlewares\Third_Party\FreeRTOS\Source\portable\GCC\ARM_CM4F\port.o
 .text.vPortEnableVFP
                0x08002484       0x14 Middlewares\Third_Party\FreeRTOS\Source\portable\GCC\ARM_CM4F\port.o
 .text.pxPortInitialiseStack
                0x08002498       0x2c Middlewares\Third_Party\FreeRTOS\Source\portable\GCC\ARM_CM4F\port.o
                0x08002498                pxPortInitialiseStack
 *fill*         0x080024c4        0xc 
 .text.SVC_Handler
                0x080024d0       0x24 Middlewares\Third_Party\FreeRTOS\Source\portable\GCC\ARM_CM4F\port.o
                0x080024d0                SVC_Handler
 .text.vPortEnterCritical
                0x080024f4       0x44 Middlewares\Third_Party\FreeRTOS\Source\portable\GCC\ARM_CM4F\port.o
                0x080024f4                vPortEnterCritical
 .text.vPortExitCritical
                0x08002538       0x28 Middlewares\Third_Party\FreeRTOS\Source\portable\GCC\ARM_CM4F\port.o
                0x08002538                vPortExitCritical
 .text.PendSV_Handler
                0x08002560       0x64 Middlewares\Third_Party\FreeRTOS\Source\portable\GCC\ARM_CM4F\port.o
                0x08002560                PendSV_Handler
 .text.xPortSysTickHandler
                0x080025c4       0x2c Middlewares\Third_Party\FreeRTOS\Source\portable\GCC\ARM_CM4F\port.o
                0x080025c4                xPortSysTickHandler
 .text.vPortSetupTimerInterrupt
                0x080025f0       0x28 Middlewares\Third_Party\FreeRTOS\Source\portable\GCC\ARM_CM4F\port.o
                0x080025f0                vPortSetupTimerInterrupt
 .text.xPortStartScheduler
                0x08002618       0xec Middlewares\Third_Party\FreeRTOS\Source\portable\GCC\ARM_CM4F\port.o
                0x08002618                xPortStartScheduler
 .text.unlikely.prvInsertBlockIntoFreeList
                0x08002704       0x48 Middlewares\Third_Party\FreeRTOS\Source\portable\MemMang\heap_4.o
 .text.pvPortMalloc
                0x0800274c      0x11c Middlewares\Third_Party\FreeRTOS\Source\portable\MemMang\heap_4.o
                0x0800274c                pvPortMalloc
 .text.vPortFree
                0x08002868       0x70 Middlewares\Third_Party\FreeRTOS\Source\portable\MemMang\heap_4.o
                0x08002868                vPortFree
 .text.prvResetNextTaskUnblockTime
                0x080028d8       0x24 Middlewares\Third_Party\FreeRTOS\Source\tasks.o
 .text.prvAddCurrentTaskToDelayedList
                0x080028fc       0x8c Middlewares\Third_Party\FreeRTOS\Source\tasks.o
 .text.xTaskCreate
                0x08002988      0x1a0 Middlewares\Third_Party\FreeRTOS\Source\tasks.o
                0x08002988                xTaskCreate
 .text.vTaskStartScheduler
                0x08002b28       0x78 Middlewares\Third_Party\FreeRTOS\Source\tasks.o
                0x08002b28                vTaskStartScheduler
 .text.vTaskSuspendAll
                0x08002ba0       0x10 Middlewares\Third_Party\FreeRTOS\Source\tasks.o
                0x08002ba0                vTaskSuspendAll
 .text.xTaskIncrementTick
                0x08002bb0      0x124 Middlewares\Third_Party\FreeRTOS\Source\tasks.o
                0x08002bb0                xTaskIncrementTick
 .text.xTaskResumeAll
                0x08002cd4       0xf0 Middlewares\Third_Party\FreeRTOS\Source\tasks.o
                0x08002cd4                xTaskResumeAll
 .text.vTaskDelay
                0x08002dc4       0x48 Middlewares\Third_Party\FreeRTOS\Source\tasks.o
                0x08002dc4                vTaskDelay
 .text.prvIdleTask
                0x08002e0c       0x74 Middlewares\Third_Party\FreeRTOS\Source\tasks.o
 .text.vTaskSwitchContext
                0x08002e80       0x74 Middlewares\Third_Party\FreeRTOS\Source\tasks.o
                0x08002e80                vTaskSwitchContext
 .text.xTaskGetSchedulerState
                0x08002ef4       0x20 Middlewares\Third_Party\FreeRTOS\Source\tasks.o
                0x08002ef4                xTaskGetSchedulerState
 .text.setEnableSensorTask
                0x08002f14        0xc Src\AccelSens_MMA8451.o
                0x08002f14                setEnableSensorTask
 .text.getEnableSensorTask
                0x08002f20        0xc Src\AccelSens_MMA8451.o
                0x08002f20                getEnableSensorTask
 .text.MMA8451_Init
                0x08002f2c       0xbc Src\AccelSens_MMA8451.o
                0x08002f2c                MMA8451_Init
 .text.measureAccel3AxisValues
                0x08002fe8      0x104 Src\AccelSens_MMA8451.o
                0x08002fe8                measureAccel3AxisValues
 .text.getZValue
                0x080030ec        0xc Src\AccelSens_MMA8451.o
                0x080030ec                getZValue
 .text.VL6180X_Init
                0x080030f8      0x3e8 Src\DistSens_VL6180X.o
                0x080030f8                VL6180X_Init
 .text.getDrehrichtung
                0x080034e0        0xc Src\RadioModule.o
                0x080034e0                getDrehrichtung
 .text.setDrehrichtung
                0x080034ec        0xc Src\RadioModule.o
                0x080034ec                setDrehrichtung
 .text.getfinalVelocity
                0x080034f8        0xc Src\RadioModule.o
                0x080034f8                getfinalVelocity
 .text.setfinalVelocity
                0x08003504        0xc Src\RadioModule.o
                0x08003504                setfinalVelocity
 .text.getSpeedGroupValue
                0x08003510        0xc Src\RadioModule.o
                0x08003510                getSpeedGroupValue
 .text.setSpeedGroupValue
                0x0800351c        0xc Src\RadioModule.o
                0x0800351c                setSpeedGroupValue
 .text.StartDefaultTask
                0x08003528        0xa Src\freertos.o
                0x08003528                StartDefaultTask
 *fill*         0x08003532        0x2 
 .text.StartTask02
                0x08003534       0x48 Src\freertos.o
                0x08003534                StartTask02
 .text.StartTask03
                0x0800357c       0x8c Src\freertos.o
                0x0800357c                StartTask03
 .text.StartTask04
                0x08003608       0x30 Src\freertos.o
                0x08003608                StartTask04
 .text.MX_FREERTOS_Init
                0x08003638       0x84 Src\freertos.o
                0x08003638                MX_FREERTOS_Init
 .text.MX_GPIO_Init
                0x080036bc       0xbc Src\gpio.o
                0x080036bc                MX_GPIO_Init
 .text.MX_I2C1_Init
                0x08003778       0x68 Src\i2c.o
                0x08003778                MX_I2C1_Init
 .text.HAL_I2C_MspInit
                0x080037e0       0x50 Src\i2c.o
                0x080037e0                HAL_I2C_MspInit
 .text.SystemClock_Config
                0x08003830       0x7a Src\main.o
                0x08003830                SystemClock_Config
 *fill*         0x080038aa        0x2 
 .text.startup.main
                0x080038ac       0xc0 Src\main.o
                0x080038ac                main
 .text.HAL_UART_RxCpltCallback
                0x0800396c       0x68 Src\main.o
                0x0800396c                HAL_UART_RxCpltCallback
 .text.HAL_TIM_PeriodElapsedCallback
                0x080039d4       0x50 Src\main.o
                0x080039d4                HAL_TIM_PeriodElapsedCallback
 .text._Error_Handler
                0x08003a24        0x2 Src\main.o
                0x08003a24                _Error_Handler
 *fill*         0x08003a26        0x2 
 .text.Motor_Init
                0x08003a28       0x18 Src\motor.o
                0x08003a28                Motor_Init
 .text.Motor_SetVelo
                0x08003a40       0x44 Src\motor.o
                0x08003a40                Motor_SetVelo
 .text.Motor_Break
                0x08003a84       0x14 Src\motor.o
                0x08003a84                Motor_Break
 .text.PID_Init
                0x08003a98       0x44 Src\pid.o
                0x08003a98                PID_Init
 .text.PID_Velo
                0x08003adc       0x60 Src\pid.o
                0x08003adc                PID_Velo
 .text.setPidEnable
                0x08003b3c        0xc Src\pid.o
                0x08003b3c                setPidEnable
 .text.getPidEnable
                0x08003b48        0xc Src\pid.o
                0x08003b48                getPidEnable
 .text.Quad_Init
                0x08003b54       0x5c Src\quad.o
                0x08003b54                Quad_Init
 .text.Quad_GetPos
                0x08003bb0        0xc Src\quad.o
                0x08003bb0                Quad_GetPos
 .text.Quad_Sample
                0x08003bbc       0xd8 Src\quad.o
                0x08003bbc                Quad_Sample
 .text.HAL_MspInit
                0x08003c94       0x8c Src\stm32f3xx_hal_msp.o
                0x08003c94                HAL_MspInit
 .text.HAL_InitTick
                0x08003d20       0x78 Src\stm32f3xx_hal_timebase_TIM.o
                0x08003d20                HAL_InitTick
 .text.NMI_Handler
                0x08003d98        0x2 Src\stm32f3xx_it.o
                0x08003d98                NMI_Handler
 .text.HardFault_Handler
                0x08003d9a        0x2 Src\stm32f3xx_it.o
                0x08003d9a                HardFault_Handler
 .text.MemManage_Handler
                0x08003d9c        0x2 Src\stm32f3xx_it.o
                0x08003d9c                MemManage_Handler
 .text.BusFault_Handler
                0x08003d9e        0x2 Src\stm32f3xx_it.o
                0x08003d9e                BusFault_Handler
 .text.UsageFault_Handler
                0x08003da0        0x2 Src\stm32f3xx_it.o
                0x08003da0                UsageFault_Handler
 .text.DebugMon_Handler
                0x08003da2        0x2 Src\stm32f3xx_it.o
                0x08003da2                DebugMon_Handler
 .text.SysTick_Handler
                0x08003da4        0x4 Src\stm32f3xx_it.o
                0x08003da4                SysTick_Handler
 .text.TIM1_BRK_TIM15_IRQHandler
                0x08003da8        0xc Src\stm32f3xx_it.o
                0x08003da8                TIM1_BRK_TIM15_IRQHandler
 .text.USART1_IRQHandler
                0x08003db4        0xc Src\stm32f3xx_it.o
                0x08003db4                USART1_IRQHandler
 .text.TIM7_DAC2_IRQHandler
                0x08003dc0        0xc Src\stm32f3xx_it.o
                0x08003dc0                TIM7_DAC2_IRQHandler
 .text.SystemInit
                0x08003dcc       0x68 Src\system_stm32f3xx.o
                0x08003dcc                SystemInit
 .text.MX_TIM15_Init
                0x08003e34       0x70 Src\tim.o
                0x08003e34                MX_TIM15_Init
 .text.HAL_TIM_PWM_MspInit
                0x08003ea4       0x48 Src\tim.o
                0x08003ea4                HAL_TIM_PWM_MspInit
 .text.HAL_TIM_Base_MspInit
                0x08003eec       0x3c Src\tim.o
                0x08003eec                HAL_TIM_Base_MspInit
 .text.HAL_TIM_MspPostInit
                0x08003f28       0x64 Src\tim.o
                0x08003f28                HAL_TIM_MspPostInit
 .text.MX_TIM2_Init
                0x08003f8c       0x74 Src\tim.o
                0x08003f8c                MX_TIM2_Init
 .text.MX_TIM3_Init
                0x08004000       0xb0 Src\tim.o
                0x08004000                MX_TIM3_Init
 .text.incrementTimeMeasurmentValue
                0x080040b0       0x10 Src\tim.o
                0x080040b0                incrementTimeMeasurmentValue
 .text.MX_USART1_UART_Init
                0x080040c0       0x44 Src\usart.o
                0x080040c0                MX_USART1_UART_Init
 .text.MX_USART2_UART_Init
                0x08004104       0x44 Src\usart.o
                0x08004104                MX_USART2_UART_Init
 .text.HAL_UART_MspInit
                0x08004148       0x9c Src\usart.o
                0x08004148                HAL_UART_MspInit
 .text.Velo_Init
                0x080041e4       0x14 Src\velocity.o
                0x080041e4                Velo_Init
 .text.Velo_GetVelo
                0x080041f8        0xc Src\velocity.o
                0x080041f8                Velo_GetVelo
 .text.Velo_Sample
                0x08004204       0x48 Src\velocity.o
                0x08004204                Velo_Sample
 .text.Reset_Handler
                0x0800424c       0x50 startup\startup_stm32f303x8.o
                0x0800424c                Reset_Handler
 .text.Default_Handler
                0x0800429c        0x2 startup\startup_stm32f303x8.o
                0x0800429c                RTC_Alarm_IRQHandler
                0x0800429c                TIM1_CC_IRQHandler
                0x0800429c                PVD_IRQHandler
                0x0800429c                TAMP_STAMP_IRQHandler
                0x0800429c                EXTI3_IRQHandler
                0x0800429c                EXTI0_IRQHandler
                0x0800429c                FPU_IRQHandler
                0x0800429c                CAN_TX_IRQHandler
                0x0800429c                TIM1_UP_TIM16_IRQHandler
                0x0800429c                ADC1_2_IRQHandler
                0x0800429c                SPI1_IRQHandler
                0x0800429c                CAN_SCE_IRQHandler
                0x0800429c                DMA1_Channel4_IRQHandler
                0x0800429c                USART3_IRQHandler
                0x0800429c                DMA1_Channel7_IRQHandler
                0x0800429c                CAN_RX1_IRQHandler
                0x0800429c                I2C1_EV_IRQHandler
                0x0800429c                DMA1_Channel6_IRQHandler
                0x0800429c                TIM3_IRQHandler
                0x0800429c                RCC_IRQHandler
                0x0800429c                DMA1_Channel1_IRQHandler
                0x0800429c                Default_Handler
                0x0800429c                EXTI15_10_IRQHandler
                0x0800429c                COMP2_IRQHandler
                0x0800429c                TIM6_DAC1_IRQHandler
                0x0800429c                EXTI9_5_IRQHandler
                0x0800429c                RTC_WKUP_IRQHandler
                0x0800429c                DMA1_Channel5_IRQHandler
                0x0800429c                EXTI4_IRQHandler
                0x0800429c                TIM1_TRG_COM_TIM17_IRQHandler
                0x0800429c                DMA1_Channel3_IRQHandler
                0x0800429c                WWDG_IRQHandler
                0x0800429c                TIM2_IRQHandler
                0x0800429c                EXTI1_IRQHandler
                0x0800429c                COMP4_6_IRQHandler
                0x0800429c                USART2_IRQHandler
                0x0800429c                DMA1_Channel2_IRQHandler
                0x0800429c                FLASH_IRQHandler
                0x0800429c                CAN_RX0_IRQHandler
                0x0800429c                I2C1_ER_IRQHandler
                0x0800429c                EXTI2_TSC_IRQHandler
 *fill*         0x0800429e        0x2 
 .text.__libc_init_array
                0x080042a0       0x48 c:/program files (x86)/atollic/truestudio for stm32 9.0.1/armtools/bin/../lib/gcc/arm-atollic-eabi/6.3.1/../../../../arm-atollic-eabi/lib/armv7e-m/fpu\libc_nano.a(lib_a-init.o)
                0x080042a0                __libc_init_array
 *(.glue_7)
 .glue_7        0x080042e8        0x0 linker stubs
 *(.glue_7t)
 .glue_7t       0x080042e8        0x0 linker stubs
 *(.eh_frame)
 .eh_frame      0x080042e8        0x0 c:/program files (x86)/atollic/truestudio for stm32 9.0.1/armtools/bin/../lib/gcc/arm-atollic-eabi/6.3.1/armv7e-m/fpu/crtbegin.o
 *(.init)
 .init          0x080042e8        0x4 c:/program files (x86)/atollic/truestudio for stm32 9.0.1/armtools/bin/../lib/gcc/arm-atollic-eabi/6.3.1/armv7e-m/fpu/crti.o
                0x080042e8                _init
 .init          0x080042ec        0x8 c:/program files (x86)/atollic/truestudio for stm32 9.0.1/armtools/bin/../lib/gcc/arm-atollic-eabi/6.3.1/armv7e-m/fpu/crtn.o
 *(.fini)
 .fini          0x080042f4        0x4 c:/program files (x86)/atollic/truestudio for stm32 9.0.1/armtools/bin/../lib/gcc/arm-atollic-eabi/6.3.1/armv7e-m/fpu/crti.o
                0x080042f4                _fini
 .fini          0x080042f8        0x8 c:/program files (x86)/atollic/truestudio for stm32 9.0.1/armtools/bin/../lib/gcc/arm-atollic-eabi/6.3.1/armv7e-m/fpu/crtn.o
                0x08004300                . = ALIGN (0x4)
                0x08004300                _etext = .

.vfp11_veneer   0x08004300        0x0
 .vfp11_veneer  0x08004300        0x0 linker stubs

.v4_bx          0x08004300        0x0
 .v4_bx         0x08004300        0x0 linker stubs

.iplt           0x08004300        0x0
 .iplt          0x08004300        0x0 c:/program files (x86)/atollic/truestudio for stm32 9.0.1/armtools/bin/../lib/gcc/arm-atollic-eabi/6.3.1/armv7e-m/fpu/crtbegin.o

.rodata         0x08004300       0xec
                0x08004300                . = ALIGN (0x4)
 *(.rodata)
 .rodata        0x08004300       0x50 Src\freertos.o
 *(.rodata*)
 .rodata.aPLLMULFactorTable
                0x08004350       0x10 Drivers\STM32F3xx_HAL_Driver\Src\stm32f3xx_hal_rcc.o
                0x08004350                aPLLMULFactorTable
 .rodata.aPredivFactorTable
                0x08004360       0x10 Drivers\STM32F3xx_HAL_Driver\Src\stm32f3xx_hal_rcc.o
                0x08004360                aPredivFactorTable
 .rodata.CSWTCH.45
                0x08004370        0x4 Drivers\STM32F3xx_HAL_Driver\Src\stm32f3xx_hal_uart.o
 .rodata.vTaskStartScheduler.str1.1
                0x08004374        0x5 Middlewares\Third_Party\FreeRTOS\Source\tasks.o
 .rodata.str1.1
                0x08004379       0x2f Src\freertos.o
 .rodata.MX_I2C1_Init.str1.1
                0x080043a8        0xd Src\i2c.o
 .rodata.AHBPrescTable
                0x080043b5       0x10 Src\system_stm32f3xx.o
                0x080043b5                AHBPrescTable
 .rodata.APBPrescTable
                0x080043c5        0x8 Src\system_stm32f3xx.o
                0x080043c5                APBPrescTable
 .rodata.MX_TIM15_Init.str1.1
                0x080043cd        0xd Src\tim.o
 .rodata.MX_USART1_UART_Init.str1.1
                0x080043da        0xf Src\usart.o
                0x080043ec                . = ALIGN (0x4)
 *fill*         0x080043e9        0x3 

.rel.dyn        0x080043ec        0x0
 .rel.iplt      0x080043ec        0x0 c:/program files (x86)/atollic/truestudio for stm32 9.0.1/armtools/bin/../lib/gcc/arm-atollic-eabi/6.3.1/armv7e-m/fpu/crtbegin.o

.ARM.extab
 *(.ARM.extab* .gnu.linkonce.armextab.*)

.ARM            0x080043ec        0x0
                0x080043ec                __exidx_start = .
 *(.ARM.exidx*)
                0x080043ec                __exidx_end = .

.preinit_array  0x080043ec        0x0
                0x080043ec                PROVIDE (__preinit_array_start, .)
 *(.preinit_array*)
                0x080043ec                PROVIDE (__preinit_array_end, .)

.init_array     0x080043ec        0x4
                0x080043ec                PROVIDE (__init_array_start, .)
 *(SORT(.init_array.*))
 *(.init_array*)
 .init_array    0x080043ec        0x4 c:/program files (x86)/atollic/truestudio for stm32 9.0.1/armtools/bin/../lib/gcc/arm-atollic-eabi/6.3.1/armv7e-m/fpu/crtbegin.o
                0x080043f0                PROVIDE (__init_array_end, .)

.fini_array     0x080043f0        0x4
                [!provide]                PROVIDE (__fini_array_start, .)
 *(SORT(.fini_array.*))
 *(.fini_array*)
 .fini_array    0x080043f0        0x4 c:/program files (x86)/atollic/truestudio for stm32 9.0.1/armtools/bin/../lib/gcc/arm-atollic-eabi/6.3.1/armv7e-m/fpu/crtbegin.o
                [!provide]                PROVIDE (__fini_array_end, .)
                0x080043f4                _sidata = LOADADDR (.data)

.data           0x20000000       0x10 load address 0x080043f4
                0x20000000                . = ALIGN (0x4)
                0x20000000                _sdata = .
 *(.data)
 *(.data*)
 .data.uwTickFreq
                0x20000000        0x1 Drivers\STM32F3xx_HAL_Driver\Src\stm32f3xx_hal.o
                0x20000000                uwTickFreq
 *fill*         0x20000001        0x3 
 .data.uxCriticalNesting
                0x20000004        0x4 Middlewares\Third_Party\FreeRTOS\Source\portable\GCC\ARM_CM4F\port.o
 .data.MMA8451_DevAddress
                0x20000008        0x2 Src\AccelSens_MMA8451.o
                0x20000008                MMA8451_DevAddress
 .data.VL6180X_DevAddress
                0x2000000a        0x2 Src\DistSens_VL6180X.o
                0x2000000a                VL6180X_DevAddress
 .data.SystemCoreClock
                0x2000000c        0x4 Src\system_stm32f3xx.o
                0x2000000c                SystemCoreClock
                0x20000010                . = ALIGN (0x4)
                0x20000010                _edata = .
                0x08004404                _siccmram = LOADADDR (.ccmram)

.igot.plt       0x20000010        0x0 load address 0x08004404
 .igot.plt      0x20000010        0x0 c:/program files (x86)/atollic/truestudio for stm32 9.0.1/armtools/bin/../lib/gcc/arm-atollic-eabi/6.3.1/armv7e-m/fpu/crtbegin.o

.ccmram         0x10000000        0x0 load address 0x08004404
                0x10000000                . = ALIGN (0x4)
                0x10000000                _sccmram = .
 *(.ccmram)
 *(.ccmram*)
                0x10000000                . = ALIGN (0x4)
                0x10000000                _eccmram = .
                0x10000000                . = ALIGN (0x4)

.bss            0x20000010     0x1d94
                0x20000010                _sbss = .
                0x20000010                __bss_start__ = _sbss
 *(.bss)
 .bss           0x20000010       0x1c c:/program files (x86)/atollic/truestudio for stm32 9.0.1/armtools/bin/../lib/gcc/arm-atollic-eabi/6.3.1/armv7e-m/fpu/crtbegin.o
 *(.bss*)
 .bss.ucMaxSysCallPriority
                0x2000002c        0x1 Middlewares\Third_Party\FreeRTOS\Source\portable\GCC\ARM_CM4F\port.o
 *fill*         0x2000002d        0x3 
 .bss.ulMaxPRIGROUPValue
                0x20000030        0x4 Middlewares\Third_Party\FreeRTOS\Source\portable\GCC\ARM_CM4F\port.o
 .bss.pxEnd     0x20000034        0x4 Middlewares\Third_Party\FreeRTOS\Source\portable\MemMang\heap_4.o
 .bss.ucHeap    0x20000038     0x1800 Middlewares\Third_Party\FreeRTOS\Source\portable\MemMang\heap_4.o
 .bss.xBlockAllocatedBit
                0x20001838        0x4 Middlewares\Third_Party\FreeRTOS\Source\portable\MemMang\heap_4.o
 .bss.xFreeBytesRemaining
                0x2000183c        0x4 Middlewares\Third_Party\FreeRTOS\Source\portable\MemMang\heap_4.o
 .bss.xMinimumEverFreeBytesRemaining
                0x20001840        0x4 Middlewares\Third_Party\FreeRTOS\Source\portable\MemMang\heap_4.o
 .bss.xStart    0x20001844        0x8 Middlewares\Third_Party\FreeRTOS\Source\portable\MemMang\heap_4.o
 .bss.pxCurrentTCB
                0x2000184c        0x4 Middlewares\Third_Party\FreeRTOS\Source\tasks.o
                0x2000184c                pxCurrentTCB
 .bss.pxDelayedTaskList
                0x20001850        0x4 Middlewares\Third_Party\FreeRTOS\Source\tasks.o
 .bss.pxOverflowDelayedTaskList
                0x20001854        0x4 Middlewares\Third_Party\FreeRTOS\Source\tasks.o
 .bss.pxReadyTasksLists
                0x20001858       0x8c Middlewares\Third_Party\FreeRTOS\Source\tasks.o
 .bss.uxCurrentNumberOfTasks
                0x200018e4        0x4 Middlewares\Third_Party\FreeRTOS\Source\tasks.o
 .bss.uxDeletedTasksWaitingCleanUp
                0x200018e8        0x4 Middlewares\Third_Party\FreeRTOS\Source\tasks.o
 .bss.uxPendedTicks
                0x200018ec        0x4 Middlewares\Third_Party\FreeRTOS\Source\tasks.o
 .bss.uxSchedulerSuspended
                0x200018f0        0x4 Middlewares\Third_Party\FreeRTOS\Source\tasks.o
 .bss.uxTaskNumber
                0x200018f4        0x4 Middlewares\Third_Party\FreeRTOS\Source\tasks.o
 .bss.uxTopReadyPriority
                0x200018f8        0x4 Middlewares\Third_Party\FreeRTOS\Source\tasks.o
 .bss.xDelayedTaskList1
                0x200018fc       0x14 Middlewares\Third_Party\FreeRTOS\Source\tasks.o
 .bss.xDelayedTaskList2
                0x20001910       0x14 Middlewares\Third_Party\FreeRTOS\Source\tasks.o
 .bss.xIdleTaskHandle
                0x20001924        0x4 Middlewares\Third_Party\FreeRTOS\Source\tasks.o
 .bss.xNextTaskUnblockTime
                0x20001928        0x4 Middlewares\Third_Party\FreeRTOS\Source\tasks.o
 .bss.xNumOfOverflows
                0x2000192c        0x4 Middlewares\Third_Party\FreeRTOS\Source\tasks.o
 .bss.xPendingReadyList
                0x20001930       0x14 Middlewares\Third_Party\FreeRTOS\Source\tasks.o
 .bss.xSchedulerRunning
                0x20001944        0x4 Middlewares\Third_Party\FreeRTOS\Source\tasks.o
 .bss.xSuspendedTaskList
                0x20001948       0x14 Middlewares\Third_Party\FreeRTOS\Source\tasks.o
 .bss.xTasksWaitingTermination
                0x2000195c       0x14 Middlewares\Third_Party\FreeRTOS\Source\tasks.o
 .bss.xTickCount
                0x20001970        0x4 Middlewares\Third_Party\FreeRTOS\Source\tasks.o
 .bss.xYieldPending
                0x20001974        0x4 Middlewares\Third_Party\FreeRTOS\Source\tasks.o
 .bss.Xout_14_bit
                0x20001978        0x2 Src\AccelSens_MMA8451.o
                0x20001978                Xout_14_bit
 .bss.Xout_g    0x2000197a        0x2 Src\AccelSens_MMA8451.o
                0x2000197a                Xout_g
 .bss.Yout_14_bit
                0x2000197c        0x2 Src\AccelSens_MMA8451.o
                0x2000197c                Yout_14_bit
 .bss.Yout_g    0x2000197e        0x2 Src\AccelSens_MMA8451.o
                0x2000197e                Yout_g
 .bss.Zout_14_bit
                0x20001980        0x2 Src\AccelSens_MMA8451.o
                0x20001980                Zout_14_bit
 .bss.Zout_g    0x20001982        0x2 Src\AccelSens_MMA8451.o
                0x20001982                Zout_g
 .bss.axisXYZ_dataBuffer
                0x20001984        0x6 Src\AccelSens_MMA8451.o
                0x20001984                axisXYZ_dataBuffer
 .bss.enableSensorTask
                0x2000198a        0x1 Src\AccelSens_MMA8451.o
                0x2000198a                enableSensorTask
 .bss.dataBuffer
                0x2000198b        0x2 Src\DistSens_VL6180X.o
                0x2000198b                dataBuffer
 .bss.drehrichtung
                0x2000198d        0x1 Src\RadioModule.o
                0x2000198d                drehrichtung
 .bss.finalVelocity
                0x2000198e        0x1 Src\RadioModule.o
                0x2000198e                finalVelocity
 .bss.speedGroupValue
                0x2000198f        0x1 Src\RadioModule.o
                0x2000198f                speedGroupValue
 .bss.receivedSpeedValue
                0x20001990        0x1 Src\main.o
                0x20001990                receivedSpeedValue
 .bss.rx_dataUART1
                0x20001991        0x4 Src\main.o
                0x20001991                rx_dataUART1
 .bss.tim15Count10ms
                0x20001995        0x1 Src\main.o
                0x20001995                tim15Count10ms
 .bss.pwm_value
                0x20001996        0x2 Src\motor.o
                0x20001996                pwm_value
 .bss.pidSetEnable
                0x20001998        0x1 Src\pid.o
                0x20001998                pidSetEnable
 *fill*         0x20001999        0x1 
 .bss.timeMeasurementValue
                0x2000199a        0x2 Src\tim.o
                0x2000199a                timeMeasurementValue
 .bss.VelCounter
                0x2000199c        0x2 Src\velocity.o
                0x2000199c                VelCounter
 *(COMMON)
 *fill*         0x2000199e        0x2 
 COMMON         0x200019a0        0x4 Drivers\STM32F3xx_HAL_Driver\Src\stm32f3xx_hal.o
                0x200019a0                uwTick
 COMMON         0x200019a4       0x10 Src\freertos.o
                0x200019a4                SensorTaskHandle
                0x200019a8                defaultTaskHandle
                0x200019ac                ServoTaskHandle
                0x200019b0                UartRadioTaskHandle
 COMMON         0x200019b4       0x4c Src\i2c.o
                0x200019b4                hi2c1
 COMMON         0x20001a00       0x20 Src\pid.o
                0x20001a00                meas_pos
                0x20001a04                pVal
                0x20001a08                integral_p
                0x20001a0c                meas_velo
                0x20001a10                error
                0x20001a14                iVal
                0x20001a18                pidVal
                0x20001a1c                integral_v
 COMMON         0x20001a20        0xa Src\quad.o
                0x20001a20                chB
                0x20001a24                position
                0x20001a28                quad_t
                0x20001a29                chA
 *fill*         0x20001a2a        0x2 
 COMMON         0x20001a2c       0x40 Src\stm32f3xx_hal_timebase_TIM.o
                0x20001a2c                htim7
 COMMON         0x20001a6c       0xc0 Src\tim.o
                0x20001a6c                htim15
                0x20001aac                htim3
                0x20001aec                htim2
 COMMON         0x20001b2c       0xe0 Src\usart.o
                0x20001b2c                huart1
                0x20001b9c                huart2
 COMMON         0x20001c0c      0x198 Src\velocity.o
                0x20001c0c                log_velo
                0x20001d9c                oldPos
                0x20001da0                velocity
                0x20001da4                . = ALIGN (0x4)
                0x20001da4                _ebss = .
                0x20001da4                __bss_end__ = _ebss

._user_heap_stack
                0x20001da4      0x600
                0x20001da4                . = ALIGN (0x4)
                [!provide]                PROVIDE (end, .)
                [!provide]                PROVIDE (_end, .)
                0x20001fa4                . = (. + _Min_Heap_Size)
 *fill*         0x20001da4      0x200 
                0x200023a4                . = (. + _Min_Stack_Size)
 *fill*         0x20001fa4      0x400 
                0x200023a4                . = ALIGN (0x4)

/DISCARD/
 libc.a(*)
 libm.a(*)
 libgcc.a(*)

.ARM.attributes
                0x00000000       0x30
 *(.ARM.attributes)
 .ARM.attributes
                0x00000000       0x22 c:/program files (x86)/atollic/truestudio for stm32 9.0.1/armtools/bin/../lib/gcc/arm-atollic-eabi/6.3.1/armv7e-m/fpu/crti.o
 .ARM.attributes
                0x00000022       0x34 c:/program files (x86)/atollic/truestudio for stm32 9.0.1/armtools/bin/../lib/gcc/arm-atollic-eabi/6.3.1/armv7e-m/fpu/crtbegin.o
 .ARM.attributes
                0x00000056       0x39 Drivers\STM32F3xx_HAL_Driver\Src\stm32f3xx_hal.o
 .ARM.attributes
                0x0000008f       0x39 Drivers\STM32F3xx_HAL_Driver\Src\stm32f3xx_hal_cortex.o
 .ARM.attributes
                0x000000c8       0x39 Drivers\STM32F3xx_HAL_Driver\Src\stm32f3xx_hal_dma.o
 .ARM.attributes
                0x00000101       0x39 Drivers\STM32F3xx_HAL_Driver\Src\stm32f3xx_hal_gpio.o
 .ARM.attributes
                0x0000013a       0x39 Drivers\STM32F3xx_HAL_Driver\Src\stm32f3xx_hal_i2c.o
 .ARM.attributes
                0x00000173       0x39 Drivers\STM32F3xx_HAL_Driver\Src\stm32f3xx_hal_i2c_ex.o
 .ARM.attributes
                0x000001ac       0x39 Drivers\STM32F3xx_HAL_Driver\Src\stm32f3xx_hal_rcc.o
 .ARM.attributes
                0x000001e5       0x39 Drivers\STM32F3xx_HAL_Driver\Src\stm32f3xx_hal_rcc_ex.o
 .ARM.attributes
                0x0000021e       0x39 Drivers\STM32F3xx_HAL_Driver\Src\stm32f3xx_hal_tim.o
 .ARM.attributes
                0x00000257       0x39 Drivers\STM32F3xx_HAL_Driver\Src\stm32f3xx_hal_tim_ex.o
 .ARM.attributes
                0x00000290       0x39 Drivers\STM32F3xx_HAL_Driver\Src\stm32f3xx_hal_uart.o
 .ARM.attributes
                0x000002c9       0x39 Drivers\STM32F3xx_HAL_Driver\Src\stm32f3xx_hal_uart_ex.o
 .ARM.attributes
                0x00000302       0x39 Middlewares\Third_Party\FreeRTOS\Source\CMSIS_RTOS\cmsis_os.o
 .ARM.attributes
                0x0000033b       0x39 Middlewares\Third_Party\FreeRTOS\Source\list.o
 .ARM.attributes
                0x00000374       0x39 Middlewares\Third_Party\FreeRTOS\Source\portable\GCC\ARM_CM4F\port.o
 .ARM.attributes
                0x000003ad       0x39 Middlewares\Third_Party\FreeRTOS\Source\portable\MemMang\heap_4.o
 .ARM.attributes
                0x000003e6       0x39 Middlewares\Third_Party\FreeRTOS\Source\tasks.o
 .ARM.attributes
                0x0000041f       0x39 Src\AccelSens_MMA8451.o
 .ARM.attributes
                0x00000458       0x39 Src\DistSens_VL6180X.o
 .ARM.attributes
                0x00000491       0x39 Src\RadioModule.o
 .ARM.attributes
                0x000004ca       0x39 Src\freertos.o
 .ARM.attributes
                0x00000503       0x39 Src\gpio.o
 .ARM.attributes
                0x0000053c       0x39 Src\i2c.o
 .ARM.attributes
                0x00000575       0x39 Src\main.o
 .ARM.attributes
                0x000005ae       0x39 Src\motor.o
 .ARM.attributes
                0x000005e7       0x39 Src\pid.o
 .ARM.attributes
                0x00000620       0x39 Src\quad.o
 .ARM.attributes
                0x00000659       0x39 Src\stm32f3xx_hal_msp.o
 .ARM.attributes
                0x00000692       0x39 Src\stm32f3xx_hal_timebase_TIM.o
 .ARM.attributes
                0x000006cb       0x39 Src\stm32f3xx_it.o
 .ARM.attributes
                0x00000704       0x39 Src\system_stm32f3xx.o
 .ARM.attributes
                0x0000073d       0x39 Src\tim.o
 .ARM.attributes
                0x00000776       0x39 Src\usart.o
 .ARM.attributes
                0x000007af       0x39 Src\velocity.o
 .ARM.attributes
                0x000007e8       0x21 startup\startup_stm32f303x8.o
 .ARM.attributes
                0x00000809       0x34 c:/program files (x86)/atollic/truestudio for stm32 9.0.1/armtools/bin/../lib/gcc/arm-atollic-eabi/6.3.1/../../../../arm-atollic-eabi/lib/armv7e-m/fpu\libc_nano.a(lib_a-init.o)
 .ARM.attributes
                0x0000083d       0x22 c:/program files (x86)/atollic/truestudio for stm32 9.0.1/armtools/bin/../lib/gcc/arm-atollic-eabi/6.3.1/armv7e-m/fpu/crtn.o
OUTPUT(FreeRTOS.elf elf32-littlearm)

.debug_info     0x00000000    0x2db0e
 .debug_info    0x00000000     0x102a Drivers\STM32F3xx_HAL_Driver\Src\stm32f3xx_hal.o
 .debug_info    0x0000102a     0x14be Drivers\STM32F3xx_HAL_Driver\Src\stm32f3xx_hal_cortex.o
 .debug_info    0x000024e8     0x1094 Drivers\STM32F3xx_HAL_Driver\Src\stm32f3xx_hal_dma.o
 .debug_info    0x0000357c      0xfec Drivers\STM32F3xx_HAL_Driver\Src\stm32f3xx_hal_gpio.o
 .debug_info    0x00004568     0x3965 Drivers\STM32F3xx_HAL_Driver\Src\stm32f3xx_hal_i2c.o
 .debug_info    0x00007ecd     0x11a2 Drivers\STM32F3xx_HAL_Driver\Src\stm32f3xx_hal_i2c_ex.o
 .debug_info    0x0000906f     0x1bc7 Drivers\STM32F3xx_HAL_Driver\Src\stm32f3xx_hal_rcc.o
 .debug_info    0x0000ac36      0xe87 Drivers\STM32F3xx_HAL_Driver\Src\stm32f3xx_hal_rcc_ex.o
 .debug_info    0x0000babd     0x3d64 Drivers\STM32F3xx_HAL_Driver\Src\stm32f3xx_hal_tim.o
 .debug_info    0x0000f821     0x1d87 Drivers\STM32F3xx_HAL_Driver\Src\stm32f3xx_hal_tim_ex.o
 .debug_info    0x000115a8     0x2275 Drivers\STM32F3xx_HAL_Driver\Src\stm32f3xx_hal_uart.o
 .debug_info    0x0001381d     0x118e Drivers\STM32F3xx_HAL_Driver\Src\stm32f3xx_hal_uart_ex.o
 .debug_info    0x000149ab     0x2504 Middlewares\Third_Party\FreeRTOS\Source\CMSIS_RTOS\cmsis_os.o
 .debug_info    0x00016eaf      0xac0 Middlewares\Third_Party\FreeRTOS\Source\list.o
 .debug_info    0x0001796f      0x531 Middlewares\Third_Party\FreeRTOS\Source\portable\GCC\ARM_CM4F\port.o
 .debug_info    0x00017ea0      0xca5 Middlewares\Third_Party\FreeRTOS\Source\portable\MemMang\heap_4.o
 .debug_info    0x00018b45     0x2997 Middlewares\Third_Party\FreeRTOS\Source\tasks.o
 .debug_info    0x0001b4dc     0x119e Src\AccelSens_MMA8451.o
 .debug_info    0x0001c67a     0x1777 Src\DistSens_VL6180X.o
 .debug_info    0x0001ddf1     0x104f Src\RadioModule.o
 .debug_info    0x0001ee40     0x1640 Src\freertos.o
 .debug_info    0x00020480      0xca0 Src\gpio.o
 .debug_info    0x00021120     0x1200 Src\i2c.o
 .debug_info    0x00022320     0x1d3e Src\main.o
 .debug_info    0x0002405e      0xecb Src\motor.o
 .debug_info    0x00024f29      0xb0a Src\pid.o
 .debug_info    0x00025a33      0xb9e Src\quad.o
 .debug_info    0x000265d1      0xcca Src\stm32f3xx_hal_msp.o
 .debug_info    0x0002729b     0x1232 Src\stm32f3xx_hal_timebase_TIM.o
 .debug_info    0x000284cd     0x1256 Src\stm32f3xx_it.o
 .debug_info    0x00029723      0xc74 Src\system_stm32f3xx.o
 .debug_info    0x0002a397     0x1876 Src\tim.o
 .debug_info    0x0002bc0d     0x1413 Src\usart.o
 .debug_info    0x0002d020      0xa60 Src\velocity.o
 .debug_info    0x0002da80       0x8e startup\startup_stm32f303x8.o

.debug_abbrev   0x00000000     0x5979
 .debug_abbrev  0x00000000      0x2f5 Drivers\STM32F3xx_HAL_Driver\Src\stm32f3xx_hal.o
 .debug_abbrev  0x000002f5      0x374 Drivers\STM32F3xx_HAL_Driver\Src\stm32f3xx_hal_cortex.o
 .debug_abbrev  0x00000669      0x2ad Drivers\STM32F3xx_HAL_Driver\Src\stm32f3xx_hal_dma.o
 .debug_abbrev  0x00000916      0x268 Drivers\STM32F3xx_HAL_Driver\Src\stm32f3xx_hal_gpio.o
 .debug_abbrev  0x00000b7e      0x3b8 Drivers\STM32F3xx_HAL_Driver\Src\stm32f3xx_hal_i2c.o
 .debug_abbrev  0x00000f36      0x218 Drivers\STM32F3xx_HAL_Driver\Src\stm32f3xx_hal_i2c_ex.o
 .debug_abbrev  0x0000114e      0x358 Drivers\STM32F3xx_HAL_Driver\Src\stm32f3xx_hal_rcc.o
 .debug_abbrev  0x000014a6      0x318 Drivers\STM32F3xx_HAL_Driver\Src\stm32f3xx_hal_rcc_ex.o
 .debug_abbrev  0x000017be      0x3ab Drivers\STM32F3xx_HAL_Driver\Src\stm32f3xx_hal_tim.o
 .debug_abbrev  0x00001b69      0x30d Drivers\STM32F3xx_HAL_Driver\Src\stm32f3xx_hal_tim_ex.o
 .debug_abbrev  0x00001e76      0x384 Drivers\STM32F3xx_HAL_Driver\Src\stm32f3xx_hal_uart.o
 .debug_abbrev  0x000021fa      0x279 Drivers\STM32F3xx_HAL_Driver\Src\stm32f3xx_hal_uart_ex.o
 .debug_abbrev  0x00002473      0x450 Middlewares\Third_Party\FreeRTOS\Source\CMSIS_RTOS\cmsis_os.o
 .debug_abbrev  0x000028c3      0x1e3 Middlewares\Third_Party\FreeRTOS\Source\list.o
 .debug_abbrev  0x00002aa6      0x211 Middlewares\Third_Party\FreeRTOS\Source\portable\GCC\ARM_CM4F\port.o
 .debug_abbrev  0x00002cb7      0x314 Middlewares\Third_Party\FreeRTOS\Source\portable\MemMang\heap_4.o
 .debug_abbrev  0x00002fcb      0x419 Middlewares\Third_Party\FreeRTOS\Source\tasks.o
 .debug_abbrev  0x000033e4      0x21d Src\AccelSens_MMA8451.o
 .debug_abbrev  0x00003601      0x1ff Src\DistSens_VL6180X.o
 .debug_abbrev  0x00003800      0x214 Src\RadioModule.o
 .debug_abbrev  0x00003a14      0x2b2 Src\freertos.o
 .debug_abbrev  0x00003cc6      0x1f7 Src\gpio.o
 .debug_abbrev  0x00003ebd      0x229 Src\i2c.o
 .debug_abbrev  0x000040e6      0x29c Src\main.o
 .debug_abbrev  0x00004382      0x1e4 Src\motor.o
 .debug_abbrev  0x00004566      0x21b Src\pid.o
 .debug_abbrev  0x00004781      0x226 Src\quad.o
 .debug_abbrev  0x000049a7      0x1f5 Src\stm32f3xx_hal_msp.o
 .debug_abbrev  0x00004b9c      0x258 Src\stm32f3xx_hal_timebase_TIM.o
 .debug_abbrev  0x00004df4      0x215 Src\stm32f3xx_it.o
 .debug_abbrev  0x00005009      0x1e2 Src\system_stm32f3xx.o
 .debug_abbrev  0x000051eb      0x340 Src\tim.o
 .debug_abbrev  0x0000552b      0x242 Src\usart.o
 .debug_abbrev  0x0000576d      0x1fa Src\velocity.o
 .debug_abbrev  0x00005967       0x12 startup\startup_stm32f303x8.o

.debug_loc      0x00000000     0xd302
 .debug_loc     0x00000000      0x11b Drivers\STM32F3xx_HAL_Driver\Src\stm32f3xx_hal.o
 .debug_loc     0x0000011b      0x4da Drivers\STM32F3xx_HAL_Driver\Src\stm32f3xx_hal_cortex.o
 .debug_loc     0x000005f5      0x5de Drivers\STM32F3xx_HAL_Driver\Src\stm32f3xx_hal_dma.o
 .debug_loc     0x00000bd3      0x2ba Drivers\STM32F3xx_HAL_Driver\Src\stm32f3xx_hal_gpio.o
 .debug_loc     0x00000e8d     0x30e5 Drivers\STM32F3xx_HAL_Driver\Src\stm32f3xx_hal_i2c.o
 .debug_loc     0x00003f72      0x1b8 Drivers\STM32F3xx_HAL_Driver\Src\stm32f3xx_hal_i2c_ex.o
 .debug_loc     0x0000412a      0x8ea Drivers\STM32F3xx_HAL_Driver\Src\stm32f3xx_hal_rcc.o
 .debug_loc     0x00004a14      0x422 Drivers\STM32F3xx_HAL_Driver\Src\stm32f3xx_hal_rcc_ex.o
 .debug_loc     0x00004e36     0x31ea Drivers\STM32F3xx_HAL_Driver\Src\stm32f3xx_hal_tim.o
 .debug_loc     0x00008020      0xe53 Drivers\STM32F3xx_HAL_Driver\Src\stm32f3xx_hal_tim_ex.o
 .debug_loc     0x00008e73     0x146f Drivers\STM32F3xx_HAL_Driver\Src\stm32f3xx_hal_uart.o
 .debug_loc     0x0000a2e2      0x2fd Drivers\STM32F3xx_HAL_Driver\Src\stm32f3xx_hal_uart_ex.o
 .debug_loc     0x0000a5df     0x1038 Middlewares\Third_Party\FreeRTOS\Source\CMSIS_RTOS\cmsis_os.o
 .debug_loc     0x0000b617       0x94 Middlewares\Third_Party\FreeRTOS\Source\list.o
 .debug_loc     0x0000b6ab       0xcf Middlewares\Third_Party\FreeRTOS\Source\portable\GCC\ARM_CM4F\port.o
 .debug_loc     0x0000b77a      0x390 Middlewares\Third_Party\FreeRTOS\Source\portable\MemMang\heap_4.o
 .debug_loc     0x0000bb0a     0x1249 Middlewares\Third_Party\FreeRTOS\Source\tasks.o
 .debug_loc     0x0000cd53       0x1c Src\AccelSens_MMA8451.o
 .debug_loc     0x0000cd6f      0x160 Src\freertos.o
 .debug_loc     0x0000cecf       0x4d Src\i2c.o
 .debug_loc     0x0000cf1c       0x66 Src\main.o
 .debug_loc     0x0000cf82       0x21 Src\motor.o
 .debug_loc     0x0000cfa3       0x63 Src\pid.o
 .debug_loc     0x0000d006       0x94 Src\stm32f3xx_hal_timebase_TIM.o
 .debug_loc     0x0000d09a       0xe2 Src\system_stm32f3xx.o
 .debug_loc     0x0000d17c       0x9a Src\tim.o
 .debug_loc     0x0000d216       0x7f Src\usart.o
 .debug_loc     0x0000d295       0x6d Src\velocity.o

.debug_aranges  0x00000000     0x12d8
 .debug_aranges
                0x00000000       0xd8 Drivers\STM32F3xx_HAL_Driver\Src\stm32f3xx_hal.o
 .debug_aranges
                0x000000d8       0x90 Drivers\STM32F3xx_HAL_Driver\Src\stm32f3xx_hal_cortex.o
 .debug_aranges
                0x00000168       0x78 Drivers\STM32F3xx_HAL_Driver\Src\stm32f3xx_hal_dma.o
 .debug_aranges
                0x000001e0       0x58 Drivers\STM32F3xx_HAL_Driver\Src\stm32f3xx_hal_gpio.o
 .debug_aranges
                0x00000238      0x200 Drivers\STM32F3xx_HAL_Driver\Src\stm32f3xx_hal_i2c.o
 .debug_aranges
                0x00000438       0x48 Drivers\STM32F3xx_HAL_Driver\Src\stm32f3xx_hal_i2c_ex.o
 .debug_aranges
                0x00000480       0x88 Drivers\STM32F3xx_HAL_Driver\Src\stm32f3xx_hal_rcc.o
 .debug_aranges
                0x00000508       0x38 Drivers\STM32F3xx_HAL_Driver\Src\stm32f3xx_hal_rcc_ex.o
 .debug_aranges
                0x00000540      0x268 Drivers\STM32F3xx_HAL_Driver\Src\stm32f3xx_hal_tim.o
 .debug_aranges
                0x000007a8      0x120 Drivers\STM32F3xx_HAL_Driver\Src\stm32f3xx_hal_tim_ex.o
 .debug_aranges
                0x000008c8      0x1a0 Drivers\STM32F3xx_HAL_Driver\Src\stm32f3xx_hal_uart.o
 .debug_aranges
                0x00000a68       0x48 Drivers\STM32F3xx_HAL_Driver\Src\stm32f3xx_hal_uart_ex.o
 .debug_aranges
                0x00000ab0      0x190 Middlewares\Third_Party\FreeRTOS\Source\CMSIS_RTOS\cmsis_os.o
 .debug_aranges
                0x00000c40       0x40 Middlewares\Third_Party\FreeRTOS\Source\list.o
 .debug_aranges
                0x00000c80       0x80 Middlewares\Third_Party\FreeRTOS\Source\portable\GCC\ARM_CM4F\port.o
 .debug_aranges
                0x00000d00       0x48 Middlewares\Third_Party\FreeRTOS\Source\portable\MemMang\heap_4.o
 .debug_aranges
                0x00000d48      0x170 Middlewares\Third_Party\FreeRTOS\Source\tasks.o
 .debug_aranges
                0x00000eb8       0x50 Src\AccelSens_MMA8451.o
 .debug_aranges
                0x00000f08       0x30 Src\DistSens_VL6180X.o
 .debug_aranges
                0x00000f38       0x50 Src\RadioModule.o
 .debug_aranges
                0x00000f88       0x40 Src\freertos.o
 .debug_aranges
                0x00000fc8       0x20 Src\gpio.o
 .debug_aranges
                0x00000fe8       0x30 Src\i2c.o
 .debug_aranges
                0x00001018       0x40 Src\main.o
 .debug_aranges
                0x00001058       0x30 Src\motor.o
 .debug_aranges
                0x00001088       0x48 Src\pid.o
 .debug_aranges
                0x000010d0       0x30 Src\quad.o
 .debug_aranges
                0x00001100       0x20 Src\stm32f3xx_hal_msp.o
 .debug_aranges
                0x00001120       0x30 Src\stm32f3xx_hal_timebase_TIM.o
 .debug_aranges
                0x00001150       0x60 Src\stm32f3xx_it.o
 .debug_aranges
                0x000011b0       0x28 Src\system_stm32f3xx.o
 .debug_aranges
                0x000011d8       0x70 Src\tim.o
 .debug_aranges
                0x00001248       0x38 Src\usart.o
 .debug_aranges
                0x00001280       0x30 Src\velocity.o
 .debug_aranges
                0x000012b0       0x28 startup\startup_stm32f303x8.o

.debug_ranges   0x00000000     0x1700
 .debug_ranges  0x00000000       0xc8 Drivers\STM32F3xx_HAL_Driver\Src\stm32f3xx_hal.o
 .debug_ranges  0x000000c8      0x120 Drivers\STM32F3xx_HAL_Driver\Src\stm32f3xx_hal_cortex.o
 .debug_ranges  0x000001e8       0xd8 Drivers\STM32F3xx_HAL_Driver\Src\stm32f3xx_hal_dma.o
 .debug_ranges  0x000002c0       0x68 Drivers\STM32F3xx_HAL_Driver\Src\stm32f3xx_hal_gpio.o
 .debug_ranges  0x00000328      0x268 Drivers\STM32F3xx_HAL_Driver\Src\stm32f3xx_hal_i2c.o
 .debug_ranges  0x00000590       0x68 Drivers\STM32F3xx_HAL_Driver\Src\stm32f3xx_hal_i2c_ex.o
 .debug_ranges  0x000005f8      0x1d8 Drivers\STM32F3xx_HAL_Driver\Src\stm32f3xx_hal_rcc.o
 .debug_ranges  0x000007d0       0x78 Drivers\STM32F3xx_HAL_Driver\Src\stm32f3xx_hal_rcc_ex.o
 .debug_ranges  0x00000848      0x348 Drivers\STM32F3xx_HAL_Driver\Src\stm32f3xx_hal_tim.o
 .debug_ranges  0x00000b90      0x110 Drivers\STM32F3xx_HAL_Driver\Src\stm32f3xx_hal_tim_ex.o
 .debug_ranges  0x00000ca0      0x190 Drivers\STM32F3xx_HAL_Driver\Src\stm32f3xx_hal_uart.o
 .debug_ranges  0x00000e30       0x38 Drivers\STM32F3xx_HAL_Driver\Src\stm32f3xx_hal_uart_ex.o
 .debug_ranges  0x00000e68      0x180 Middlewares\Third_Party\FreeRTOS\Source\CMSIS_RTOS\cmsis_os.o
 .debug_ranges  0x00000fe8       0x30 Middlewares\Third_Party\FreeRTOS\Source\list.o
 .debug_ranges  0x00001018       0x88 Middlewares\Third_Party\FreeRTOS\Source\portable\GCC\ARM_CM4F\port.o
 .debug_ranges  0x000010a0       0x38 Middlewares\Third_Party\FreeRTOS\Source\portable\MemMang\heap_4.o
 .debug_ranges  0x000010d8      0x270 Middlewares\Third_Party\FreeRTOS\Source\tasks.o
 .debug_ranges  0x00001348       0x40 Src\AccelSens_MMA8451.o
 .debug_ranges  0x00001388       0x20 Src\DistSens_VL6180X.o
 .debug_ranges  0x000013a8       0x40 Src\RadioModule.o
 .debug_ranges  0x000013e8       0x30 Src\freertos.o
 .debug_ranges  0x00001418       0x50 Src\gpio.o
 .debug_ranges  0x00001468       0x20 Src\i2c.o
 .debug_ranges  0x00001488       0x30 Src\main.o
 .debug_ranges  0x000014b8       0x20 Src\motor.o
 .debug_ranges  0x000014d8       0x38 Src\pid.o
 .debug_ranges  0x00001510       0x20 Src\quad.o
 .debug_ranges  0x00001530       0x40 Src\stm32f3xx_hal_msp.o
 .debug_ranges  0x00001570       0x40 Src\stm32f3xx_hal_timebase_TIM.o
 .debug_ranges  0x000015b0       0x50 Src\stm32f3xx_it.o
 .debug_ranges  0x00001600       0x18 Src\system_stm32f3xx.o
 .debug_ranges  0x00001618       0x80 Src\tim.o
 .debug_ranges  0x00001698       0x28 Src\usart.o
 .debug_ranges  0x000016c0       0x20 Src\velocity.o
 .debug_ranges  0x000016e0       0x20 startup\startup_stm32f303x8.o

.debug_line     0x00000000     0xbec6
 .debug_line    0x00000000      0x47d Drivers\STM32F3xx_HAL_Driver\Src\stm32f3xx_hal.o
 .debug_line    0x0000047d      0x45d Drivers\STM32F3xx_HAL_Driver\Src\stm32f3xx_hal_cortex.o
 .debug_line    0x000008da      0x57e Drivers\STM32F3xx_HAL_Driver\Src\stm32f3xx_hal_dma.o
 .debug_line    0x00000e58      0x46c Drivers\STM32F3xx_HAL_Driver\Src\stm32f3xx_hal_gpio.o
 .debug_line    0x000012c4     0x15c0 Drivers\STM32F3xx_HAL_Driver\Src\stm32f3xx_hal_i2c.o
 .debug_line    0x00002884      0x404 Drivers\STM32F3xx_HAL_Driver\Src\stm32f3xx_hal_i2c_ex.o
 .debug_line    0x00002c88      0x871 Drivers\STM32F3xx_HAL_Driver\Src\stm32f3xx_hal_rcc.o
 .debug_line    0x000034f9      0x498 Drivers\STM32F3xx_HAL_Driver\Src\stm32f3xx_hal_rcc_ex.o
 .debug_line    0x00003991     0x11ee Drivers\STM32F3xx_HAL_Driver\Src\stm32f3xx_hal_tim.o
 .debug_line    0x00004b7f      0x900 Drivers\STM32F3xx_HAL_Driver\Src\stm32f3xx_hal_tim_ex.o
 .debug_line    0x0000547f      0xd12 Drivers\STM32F3xx_HAL_Driver\Src\stm32f3xx_hal_uart.o
 .debug_line    0x00006191      0x3ef Drivers\STM32F3xx_HAL_Driver\Src\stm32f3xx_hal_uart_ex.o
 .debug_line    0x00006580      0x8d4 Middlewares\Third_Party\FreeRTOS\Source\CMSIS_RTOS\cmsis_os.o
 .debug_line    0x00006e54      0x368 Middlewares\Third_Party\FreeRTOS\Source\list.o
 .debug_line    0x000071bc      0x349 Middlewares\Third_Party\FreeRTOS\Source\portable\GCC\ARM_CM4F\port.o
 .debug_line    0x00007505      0x415 Middlewares\Third_Party\FreeRTOS\Source\portable\MemMang\heap_4.o
 .debug_line    0x0000791a      0xb87 Middlewares\Third_Party\FreeRTOS\Source\tasks.o
 .debug_line    0x000084a1      0x372 Src\AccelSens_MMA8451.o
 .debug_line    0x00008813      0x38e Src\DistSens_VL6180X.o
 .debug_line    0x00008ba1      0x380 Src\RadioModule.o
 .debug_line    0x00008f21      0x473 Src\freertos.o
 .debug_line    0x00009394      0x2b0 Src\gpio.o
 .debug_line    0x00009644      0x338 Src\i2c.o
 .debug_line    0x0000997c      0x4e1 Src\main.o
 .debug_line    0x00009e5d      0x2f2 Src\motor.o
 .debug_line    0x0000a14f      0x30d Src\pid.o
 .debug_line    0x0000a45c      0x361 Src\quad.o
 .debug_line    0x0000a7bd      0x2a1 Src\stm32f3xx_hal_msp.o
 .debug_line    0x0000aa5e      0x33b Src\stm32f3xx_hal_timebase_TIM.o
 .debug_line    0x0000ad99      0x399 Src\stm32f3xx_it.o
 .debug_line    0x0000b132      0x2b7 Src\system_stm32f3xx.o
 .debug_line    0x0000b3e9      0x443 Src\tim.o
 .debug_line    0x0000b82c      0x380 Src\usart.o
 .debug_line    0x0000bbac      0x29b Src\velocity.o
 .debug_line    0x0000be47       0x7f startup\startup_stm32f303x8.o

.debug_str      0x00000000     0x660c
 .debug_str     0x00000000      0xc53 Drivers\STM32F3xx_HAL_Driver\Src\stm32f3xx_hal.o
                                0xcf4 (size before relaxing)
 .debug_str     0x00000c53      0x2d8 Drivers\STM32F3xx_HAL_Driver\Src\stm32f3xx_hal_cortex.o
                                0xde5 (size before relaxing)
 .debug_str     0x00000f2b      0x3ef Drivers\STM32F3xx_HAL_Driver\Src\stm32f3xx_hal_dma.o
                                0xb52 (size before relaxing)
 .debug_str     0x0000131a      0x242 Drivers\STM32F3xx_HAL_Driver\Src\stm32f3xx_hal_gpio.o
                                0x9dd (size before relaxing)
 .debug_str     0x0000155c      0xa20 Drivers\STM32F3xx_HAL_Driver\Src\stm32f3xx_hal_i2c.o
                               0x139f (size before relaxing)
 .debug_str     0x00001f7c       0xf3 Drivers\STM32F3xx_HAL_Driver\Src\stm32f3xx_hal_i2c_ex.o
                                0xd89 (size before relaxing)
 .debug_str     0x0000206f      0x30a Drivers\STM32F3xx_HAL_Driver\Src\stm32f3xx_hal_rcc.o
                                0xb4a (size before relaxing)
 .debug_str     0x00002379      0x17f Drivers\STM32F3xx_HAL_Driver\Src\stm32f3xx_hal_rcc_ex.o
                                0x987 (size before relaxing)
 .debug_str     0x000024f8      0xf6f Drivers\STM32F3xx_HAL_Driver\Src\stm32f3xx_hal_tim.o
                               0x18e7 (size before relaxing)
 .debug_str     0x00003467      0x59b Drivers\STM32F3xx_HAL_Driver\Src\stm32f3xx_hal_tim_ex.o
                               0x131a (size before relaxing)
 .debug_str     0x00003a02      0x909 Drivers\STM32F3xx_HAL_Driver\Src\stm32f3xx_hal_uart.o
                               0x135f (size before relaxing)
 .debug_str     0x0000430b       0xed Drivers\STM32F3xx_HAL_Driver\Src\stm32f3xx_hal_uart_ex.o
                                0xd63 (size before relaxing)
 .debug_str     0x000043f8      0xb40 Middlewares\Third_Party\FreeRTOS\Source\CMSIS_RTOS\cmsis_os.o
                               0x121c (size before relaxing)
 .debug_str     0x00004f38      0x159 Middlewares\Third_Party\FreeRTOS\Source\list.o
                                0x769 (size before relaxing)
 .debug_str     0x00005091      0x21e Middlewares\Third_Party\FreeRTOS\Source\portable\GCC\ARM_CM4F\port.o
                                0x498 (size before relaxing)
 .debug_str     0x000052af      0x1e8 Middlewares\Third_Party\FreeRTOS\Source\portable\MemMang\heap_4.o
                                0x852 (size before relaxing)
 .debug_str     0x00005497      0x824 Middlewares\Third_Party\FreeRTOS\Source\tasks.o
                               0x1264 (size before relaxing)
 .debug_str     0x00005cbb      0x112 Src\AccelSens_MMA8451.o
                                0xcc2 (size before relaxing)
 .debug_str     0x00005dcd       0x77 Src\DistSens_VL6180X.o
                                0xc2c (size before relaxing)
 .debug_str     0x00005e44       0xf3 Src\RadioModule.o
                                0xc6c (size before relaxing)
 .debug_str     0x00005f37      0x1fc Src\freertos.o
                               0x10ba (size before relaxing)
 .debug_str     0x00006133       0x2b Src\gpio.o
                                0x7ee (size before relaxing)
 .debug_str     0x0000615e       0x33 Src\i2c.o
                                0xcfd (size before relaxing)
 .debug_str     0x00006191      0x11d Src\main.o
                               0x180a (size before relaxing)
 .debug_str     0x000062ae       0x27 Src\motor.o
                                0xaf8 (size before relaxing)
 .debug_str     0x000062d5       0xa2 Src\pid.o
                                0x798 (size before relaxing)
 .debug_str     0x00006377       0x1c Src\quad.o
                                0x78a (size before relaxing)
 .debug_str     0x00006393       0x1b Src\stm32f3xx_hal_msp.o
                                0xa53 (size before relaxing)
 .debug_str     0x000063ae       0x61 Src\stm32f3xx_hal_timebase_TIM.o
                                0xf6a (size before relaxing)
 .debug_str     0x0000640f       0xcc Src\stm32f3xx_it.o
                                0xe2b (size before relaxing)
 .debug_str     0x000064db       0x50 Src\system_stm32f3xx.o
                                0x7c7 (size before relaxing)
 .debug_str     0x0000652b       0x8e Src\tim.o
                               0x1189 (size before relaxing)
 .debug_str     0x000065b9       0x1a Src\usart.o
                                0xfdf (size before relaxing)
 .debug_str     0x000065d3       0x39 Src\velocity.o
                                0x73f (size before relaxing)

.comment        0x00000000       0x7c
 .comment       0x00000000       0x7c Drivers\STM32F3xx_HAL_Driver\Src\stm32f3xx_hal.o
                                 0x7d (size before relaxing)
 .comment       0x0000007c       0x7d Drivers\STM32F3xx_HAL_Driver\Src\stm32f3xx_hal_cortex.o
 .comment       0x0000007c       0x7d Drivers\STM32F3xx_HAL_Driver\Src\stm32f3xx_hal_dma.o
 .comment       0x0000007c       0x7d Drivers\STM32F3xx_HAL_Driver\Src\stm32f3xx_hal_gpio.o
 .comment       0x0000007c       0x7d Drivers\STM32F3xx_HAL_Driver\Src\stm32f3xx_hal_i2c.o
 .comment       0x0000007c       0x7d Drivers\STM32F3xx_HAL_Driver\Src\stm32f3xx_hal_i2c_ex.o
 .comment       0x0000007c       0x7d Drivers\STM32F3xx_HAL_Driver\Src\stm32f3xx_hal_rcc.o
 .comment       0x0000007c       0x7d Drivers\STM32F3xx_HAL_Driver\Src\stm32f3xx_hal_rcc_ex.o
 .comment       0x0000007c       0x7d Drivers\STM32F3xx_HAL_Driver\Src\stm32f3xx_hal_tim.o
 .comment       0x0000007c       0x7d Drivers\STM32F3xx_HAL_Driver\Src\stm32f3xx_hal_tim_ex.o
 .comment       0x0000007c       0x7d Drivers\STM32F3xx_HAL_Driver\Src\stm32f3xx_hal_uart.o
 .comment       0x0000007c       0x7d Drivers\STM32F3xx_HAL_Driver\Src\stm32f3xx_hal_uart_ex.o
 .comment       0x0000007c       0x7d Middlewares\Third_Party\FreeRTOS\Source\CMSIS_RTOS\cmsis_os.o
 .comment       0x0000007c       0x7d Middlewares\Third_Party\FreeRTOS\Source\list.o
 .comment       0x0000007c       0x7d Middlewares\Third_Party\FreeRTOS\Source\portable\GCC\ARM_CM4F\port.o
 .comment       0x0000007c       0x7d Middlewares\Third_Party\FreeRTOS\Source\portable\MemMang\heap_4.o
 .comment       0x0000007c       0x7d Middlewares\Third_Party\FreeRTOS\Source\tasks.o
 .comment       0x0000007c       0x7d Src\AccelSens_MMA8451.o
 .comment       0x0000007c       0x7d Src\DistSens_VL6180X.o
 .comment       0x0000007c       0x7d Src\RadioModule.o
 .comment       0x0000007c       0x7d Src\freertos.o
 .comment       0x0000007c       0x7d Src\gpio.o
 .comment       0x0000007c       0x7d Src\i2c.o
 .comment       0x0000007c       0x7d Src\main.o
 .comment       0x0000007c       0x7d Src\motor.o
 .comment       0x0000007c       0x7d Src\pid.o
 .comment       0x0000007c       0x7d Src\quad.o
 .comment       0x0000007c       0x7d Src\stm32f3xx_hal_msp.o
 .comment       0x0000007c       0x7d Src\stm32f3xx_hal_timebase_TIM.o
 .comment       0x0000007c       0x7d Src\stm32f3xx_it.o
 .comment       0x0000007c       0x7d Src\system_stm32f3xx.o
 .comment       0x0000007c       0x7d Src\tim.o
 .comment       0x0000007c       0x7d Src\usart.o
 .comment       0x0000007c       0x7d Src\velocity.o

.debug_frame    0x00000000     0x35d0
 .debug_frame   0x00000000      0x1d0 Drivers\STM32F3xx_HAL_Driver\Src\stm32f3xx_hal.o
 .debug_frame   0x000001d0      0x120 Drivers\STM32F3xx_HAL_Driver\Src\stm32f3xx_hal_cortex.o
 .debug_frame   0x000002f0      0x13c Drivers\STM32F3xx_HAL_Driver\Src\stm32f3xx_hal_dma.o
 .debug_frame   0x0000042c       0xd8 Drivers\STM32F3xx_HAL_Driver\Src\stm32f3xx_hal_gpio.o
 .debug_frame   0x00000504      0x804 Drivers\STM32F3xx_HAL_Driver\Src\stm32f3xx_hal_i2c.o
 .debug_frame   0x00000d08       0x90 Drivers\STM32F3xx_HAL_Driver\Src\stm32f3xx_hal_i2c_ex.o
 .debug_frame   0x00000d98      0x14c Drivers\STM32F3xx_HAL_Driver\Src\stm32f3xx_hal_rcc.o
 .debug_frame   0x00000ee4       0xa4 Drivers\STM32F3xx_HAL_Driver\Src\stm32f3xx_hal_rcc_ex.o
 .debug_frame   0x00000f88      0x8b8 Drivers\STM32F3xx_HAL_Driver\Src\stm32f3xx_hal_tim.o
 .debug_frame   0x00001840      0x3e4 Drivers\STM32F3xx_HAL_Driver\Src\stm32f3xx_hal_tim_ex.o
 .debug_frame   0x00001c24      0x568 Drivers\STM32F3xx_HAL_Driver\Src\stm32f3xx_hal_uart.o
 .debug_frame   0x0000218c       0xa0 Drivers\STM32F3xx_HAL_Driver\Src\stm32f3xx_hal_uart_ex.o
 .debug_frame   0x0000222c      0x4d4 Middlewares\Third_Party\FreeRTOS\Source\CMSIS_RTOS\cmsis_os.o
 .debug_frame   0x00002700       0x6c Middlewares\Third_Party\FreeRTOS\Source\list.o
 .debug_frame   0x0000276c       0xf0 Middlewares\Third_Party\FreeRTOS\Source\portable\GCC\ARM_CM4F\port.o
 .debug_frame   0x0000285c       0x98 Middlewares\Third_Party\FreeRTOS\Source\portable\MemMang\heap_4.o
 .debug_frame   0x000028f4      0x4ac Middlewares\Third_Party\FreeRTOS\Source\tasks.o
 .debug_frame   0x00002da0       0xa8 Src\AccelSens_MMA8451.o
 .debug_frame   0x00002e48       0x78 Src\DistSens_VL6180X.o
 .debug_frame   0x00002ec0       0x98 Src\RadioModule.o
 .debug_frame   0x00002f58       0xa4 Src\freertos.o
 .debug_frame   0x00002ffc       0x34 Src\gpio.o
 .debug_frame   0x00003030       0x58 Src\i2c.o
 .debug_frame   0x00003088       0xa0 Src\main.o
 .debug_frame   0x00003128       0x40 Src\motor.o
 .debug_frame   0x00003168       0x90 Src\pid.o
 .debug_frame   0x000031f8       0x54 Src\quad.o
 .debug_frame   0x0000324c       0x2c Src\stm32f3xx_hal_msp.o
 .debug_frame   0x00003278       0x50 Src\stm32f3xx_hal_timebase_TIM.o
 .debug_frame   0x000032c8       0xb0 Src\stm32f3xx_it.o
 .debug_frame   0x00003378       0x38 Src\system_stm32f3xx.o
 .debug_frame   0x000033b0      0x114 Src\tim.o
 .debug_frame   0x000034c4       0x98 Src\usart.o
 .debug_frame   0x0000355c       0x48 Src\velocity.o
 .debug_frame   0x000035a4       0x2c c:/program files (x86)/atollic/truestudio for stm32 9.0.1/armtools/bin/../lib/gcc/arm-atollic-eabi/6.3.1/../../../../arm-atollic-eabi/lib/armv7e-m/fpu\libc_nano.a(lib_a-init.o)
